

================================================================
== Vitis HLS Report for 'aggr_max_Pipeline_VITIS_LOOP_130_1_VITIS_LOOP_132_2'
================================================================
* Date:           Thu Nov  4 13:50:40 2021

* Version:        2021.1.1 (Build 3286242 on Wed Jul 28 13:10:47 MDT 2021)
* Project:        pna_hls_test
* Solution:       solution1 (Vivado IP Flow Target)
* Product family: virtexuplus
* Target device:  xcvu11p-flga2577-1-e


================================================================
== Performance Estimates
================================================================
+ Timing: 
    * Summary: 
    +--------+---------+----------+------------+
    |  Clock |  Target | Estimated| Uncertainty|
    +--------+---------+----------+------------+
    |ap_clk  |  4.00 ns|  2.406 ns|     1.08 ns|
    +--------+---------+----------+------------+

+ Latency: 
    * Summary: 
    +---------+---------+----------+----------+------+------+---------+
    |  Latency (cycles) |  Latency (absolute) |   Interval  | Pipeline|
    |   min   |   max   |    min   |    max   |  min |  max |   Type  |
    +---------+---------+----------+----------+------+------+---------+
    |     1522|     1522|  6.088 us|  6.088 us|  1522|  1522|       no|
    +---------+---------+----------+----------+------+------+---------+

    + Detail: 
        * Instance: 
        N/A

        * Loop: 
        +-------------------------------------+---------+---------+----------+-----------+-----------+------+----------+
        |                                     |  Latency (cycles) | Iteration|  Initiation Interval  | Trip |          |
        |              Loop Name              |   min   |   max   |  Latency |  achieved |   target  | Count| Pipelined|
        +-------------------------------------+---------+---------+----------+-----------+-----------+------+----------+
        |- VITIS_LOOP_130_1_VITIS_LOOP_132_2  |     1520|     1520|         2|          1|          1|  1520|       yes|
        +-------------------------------------+---------+---------+----------+-----------+-----------+------+----------+



================================================================
== Utilization Estimates
================================================================
* Summary: 
+---------------------+---------+------+---------+---------+-----+
|         Name        | BRAM_18K|  DSP |    FF   |   LUT   | URAM|
+---------------------+---------+------+---------+---------+-----+
|DSP                  |        -|     -|        -|        -|    -|
|Expression           |        -|     -|        0|      113|    -|
|FIFO                 |        -|     -|        -|        -|    -|
|Instance             |        -|     -|        -|        -|    -|
|Memory               |        -|     -|        -|        -|    -|
|Multiplexer          |        -|     -|        -|       72|    -|
|Register             |        -|     -|       38|        -|    -|
+---------------------+---------+------+---------+---------+-----+
|Total                |        0|     0|       38|      185|    0|
+---------------------+---------+------+---------+---------+-----+
|Available SLR        |     1344|  3072|   864000|   432000|  320|
+---------------------+---------+------+---------+---------+-----+
|Utilization SLR (%)  |        0|     0|       ~0|       ~0|    0|
+---------------------+---------+------+---------+---------+-----+
|Available            |     4032|  9216|  2592000|  1296000|  960|
+---------------------+---------+------+---------+---------+-----+
|Utilization (%)      |        0|     0|       ~0|       ~0|    0|
+---------------------+---------+------+---------+---------+-----+

+ Detail: 
    * Instance: 
    N/A

    * DSP: 
    N/A

    * Memory: 
    N/A

    * FIFO: 
    N/A

    * Expression: 
    +--------------------------+----------+----+---+----+------------+------------+
    |       Variable Name      | Operation| DSP| FF| LUT| Bitwidth P0| Bitwidth P1|
    +--------------------------+----------+----+---+----+------------+------------+
    |add_ln130_1_fu_112_p2     |         +|   0|  0|  18|          11|           1|
    |add_ln130_fu_124_p2       |         +|   0|  0|  12|           5|           1|
    |add_ln132_fu_152_p2       |         +|   0|  0|  14|           7|           1|
    |add_ln134_1_fu_204_p2     |         +|   0|  0|  17|          12|          12|
    |add_ln134_fu_195_p2       |         +|   0|  0|  17|          12|          12|
    |icmp_ln130_fu_106_p2      |      icmp|   0|  0|  11|          11|          11|
    |icmp_ln132_fu_130_p2      |      icmp|   0|  0|  10|           7|           7|
    |select_ln130_1_fu_144_p3  |    select|   0|  0|   5|           1|           5|
    |select_ln130_fu_136_p3    |    select|   0|  0|   7|           1|           1|
    |ap_enable_pp0             |       xor|   0|  0|   2|           1|           2|
    +--------------------------+----------+----+---+----+------------+------------+
    |Total                     |          |   0|  0| 113|          68|          53|
    +--------------------------+----------+----+---+----+------------+------------+

    * Multiplexer: 
    +--------------------------------------+----+-----------+-----+-----------+
    |                 Name                 | LUT| Input Size| Bits| Total Bits|
    +--------------------------------------+----+-----------+-----+-----------+
    |ap_done_int                           |   9|          2|    1|          2|
    |ap_enable_reg_pp0_iter1               |   9|          2|    1|          2|
    |ap_sig_allocacmp_i_load               |   9|          2|    5|         10|
    |ap_sig_allocacmp_indvar_flatten_load  |   9|          2|   11|         22|
    |ap_sig_allocacmp_j_load               |   9|          2|    7|         14|
    |i_fu_62                               |   9|          2|    5|         10|
    |indvar_flatten_fu_66                  |   9|          2|   11|         22|
    |j_fu_58                               |   9|          2|    7|         14|
    +--------------------------------------+----+-----------+-----+-----------+
    |Total                                 |  72|         16|   48|         96|
    +--------------------------------------+----+-----------+-----+-----------+

    * Register: 
    +-------------------------+----+----+-----+-----------+
    |           Name          | FF | LUT| Bits| Const Bits|
    +-------------------------+----+----+-----+-----------+
    |ap_CS_fsm                |   1|   0|    1|          0|
    |ap_done_reg              |   1|   0|    1|          0|
    |ap_enable_reg_pp0_iter1  |   1|   0|    1|          0|
    |i_fu_62                  |   5|   0|    5|          0|
    |indvar_flatten_fu_66     |  11|   0|   11|          0|
    |j_fu_58                  |   7|   0|    7|          0|
    |select_ln130_1_reg_244   |   5|   0|    5|          0|
    |select_ln130_reg_239     |   7|   0|    7|          0|
    +-------------------------+----+----+-----+-----------+
    |Total                    |  38|   0|   38|          0|
    +-------------------------+----+----+-----+-----------+



================================================================
== Interface
================================================================
* Summary: 
+------------------+-----+-----+------------+-----------------------------------------------------+--------------+
|     RTL Ports    | Dir | Bits|  Protocol  |                    Source Object                    |    C Type    |
+------------------+-----+-----+------------+-----------------------------------------------------+--------------+
|ap_clk            |   in|    1|  ap_ctrl_hs|  aggr_max_Pipeline_VITIS_LOOP_130_1_VITIS_LOOP_132_2|  return value|
|ap_rst            |   in|    1|  ap_ctrl_hs|  aggr_max_Pipeline_VITIS_LOOP_130_1_VITIS_LOOP_132_2|  return value|
|ap_start          |   in|    1|  ap_ctrl_hs|  aggr_max_Pipeline_VITIS_LOOP_130_1_VITIS_LOOP_132_2|  return value|
|ap_done           |  out|    1|  ap_ctrl_hs|  aggr_max_Pipeline_VITIS_LOOP_130_1_VITIS_LOOP_132_2|  return value|
|ap_idle           |  out|    1|  ap_ctrl_hs|  aggr_max_Pipeline_VITIS_LOOP_130_1_VITIS_LOOP_132_2|  return value|
|ap_ready          |  out|    1|  ap_ctrl_hs|  aggr_max_Pipeline_VITIS_LOOP_130_1_VITIS_LOOP_132_2|  return value|
|out_2_V_address1  |  out|   16|   ap_memory|                                              out_2_V|         array|
|out_2_V_ce1       |  out|    1|   ap_memory|                                              out_2_V|         array|
|out_2_V_we1       |  out|    1|   ap_memory|                                              out_2_V|         array|
|out_2_V_d1        |  out|   32|   ap_memory|                                              out_2_V|         array|
+------------------+-----+-----+------------+-----------------------------------------------------+--------------+

