

================================================================
== Synthesis Summary Report of 'PNA_compute_one_graph'
================================================================
+ General Information: 
    * Date:           Thu Nov  4 14:01:37 2021
    * Version:        2021.1.1 (Build 3286242 on Wed Jul 28 13:10:47 MDT 2021)
    * Project:        pna_hls_test
    * Solution:       solution1 (Vivado IP Flow Target)
    * Product family: virtexuplus
    * Target device:  xcvu11p-flga2577-1-e
    

+ Performance & Resource Estimates: 
    
    PS: '+' for module; 'o' for loop; '*' for dataflow
    +------------------------------------------------------------------------------------+--------+-------+---------+-----------+----------+---------+-------+----------+-------------+----------+--------------+--------------+-----+
    |                                       Modules                                      |  Issue |       | Latency |  Latency  | Iteration|         |  Trip |          |             |          |              |              |     |
    |                                       & Loops                                      |  Type  | Slack | (cycles)|    (ns)   |  Latency | Interval| Count | Pipelined|    BRAM     |    DSP   |      FF      |      LUT     | URAM|
    +------------------------------------------------------------------------------------+--------+-------+---------+-----------+----------+---------+-------+----------+-------------+----------+--------------+--------------+-----+
    |+ PNA_compute_one_graph                                                             |  Timing|  -0.00|   713448|  2.854e+06|         -|   713449|      -|        no|  5020 (124%)|  187 (2%)|  568054 (21%)|  677610 (52%)|    -|
    | + grp_PNA_compute_one_graph_Pipeline_1_fu_15569                                    |       -|   0.67|    40002|  1.600e+05|         -|    40002|      -|        no|            -|         -|      18 (~0%)|      63 (~0%)|    -|
    |  o Loop 1                                                                          |       -|   2.92|    40000|  1.600e+05|         1|        1|  40000|       yes|            -|         -|             -|             -|    -|
    | + grp_CONV_0_fu_15575                                                              |  Timing|  -0.00|   165055|  6.602e+05|         -|   165055|      -|        no|    961 (23%)|  46 (~0%)|   141544 (5%)|  167976 (12%)|    -|
    |  + grp_message_passing_fu_3920                                                     |  Timing|  -0.00|   161523|  6.461e+05|         -|   161523|      -|        no|      1 (~0%)|  46 (~0%)|   20091 (~0%)|    21623 (1%)|    -|
    |   + grp_message_passing_Pipeline_1_fu_2095                                         |       -|   0.67|    40002|  1.600e+05|         -|    40002|      -|        no|            -|         -|      18 (~0%)|      63 (~0%)|    -|
    |    o Loop 1                                                                        |       -|   2.92|    40000|  1.600e+05|         1|        1|  40000|       yes|            -|         -|             -|             -|    -|
    |   + grp_message_passing_Pipeline_2_fu_2101                                         |       -|   0.67|    40002|  1.600e+05|         -|    40002|      -|        no|            -|         -|      18 (~0%)|      63 (~0%)|    -|
    |    o Loop 1                                                                        |       -|   2.92|    40000|  1.600e+05|         1|        1|  40000|       yes|            -|         -|             -|             -|    -|
    |   + grp_message_passing_Pipeline_3_fu_2107                                         |       -|   0.88|      502|  2.008e+03|         -|      502|      -|        no|            -|         -|      11 (~0%)|      54 (~0%)|    -|
    |    o Loop 1                                                                        |       -|   2.92|      500|  2.000e+03|         1|        1|    500|       yes|            -|         -|             -|             -|    -|
    |   + grp_message_passing_Pipeline_4_fu_2113                                         |       -|   0.88|      502|  2.008e+03|         -|      502|      -|        no|            -|         -|      11 (~0%)|      54 (~0%)|    -|
    |    o Loop 1                                                                        |       -|   2.92|      500|  2.000e+03|         1|        1|    500|       yes|            -|         -|             -|             -|    -|
    |   + grp_aggr_fu_2119                                                               |       -|   0.01|   112214|  4.489e+05|         -|   112214|      -|        no|            -|   3 (~0%)|   14295 (~0%)|    17103 (1%)|    -|
    |    + grp_aggr_Pipeline_1_fu_54                                                     |       -|   0.67|    40002|  1.600e+05|         -|    40002|      -|        no|            -|         -|      18 (~0%)|      63 (~0%)|    -|
    |     o Loop 1                                                                       |       -|   2.92|    40000|  1.600e+05|         1|        1|  40000|       yes|            -|         -|             -|             -|    -|
    |    + grp_aggr_Pipeline_2_fu_60                                                     |       -|   0.67|    40002|  1.600e+05|         -|    40002|      -|        no|            -|         -|      18 (~0%)|      63 (~0%)|    -|
    |     o Loop 1                                                                       |       -|   2.92|    40000|  1.600e+05|         1|        1|  40000|       yes|            -|         -|             -|             -|    -|
    |    + grp_aggr_Pipeline_3_fu_66                                                     |       -|   0.67|    40002|  1.600e+05|         -|    40002|      -|        no|            -|         -|      18 (~0%)|      63 (~0%)|    -|
    |     o Loop 1                                                                       |       -|   2.92|    40000|  1.600e+05|         1|        1|  40000|       yes|            -|         -|             -|             -|    -|
    |    + grp_aggr_Pipeline_4_fu_72                                                     |       -|   0.67|    40002|  1.600e+05|         -|    40002|      -|        no|            -|         -|      18 (~0%)|      63 (~0%)|    -|
    |     o Loop 1                                                                       |       -|   2.92|    40000|  1.600e+05|         1|        1|  40000|       yes|            -|         -|             -|             -|    -|
    |    + grp_aggr_mean_fu_78                                                           |       -|   0.02|     8227|  3.291e+04|         -|     8227|      -|        no|            -|         -|    5550 (~0%)|    4790 (~0%)|    -|
    |     + grp_scatter_sum_fu_36                                                        |       -|   0.48|     6406|  2.562e+04|         -|     6406|      -|        no|            -|         -|     168 (~0%)|     283 (~0%)|    -|
    |      o VITIS_LOOP_47_1_VITIS_LOOP_49_2                                             |       -|   2.92|     6404|  2.562e+04|         6|        1|   6400|       yes|            -|         -|             -|             -|    -|
    |     + grp_aggr_mean_Pipeline_1_fu_48                                               |       -|   0.88|      502|  2.008e+03|         -|      502|      -|        no|            -|         -|      11 (~0%)|      54 (~0%)|    -|
    |      o Loop 1                                                                      |       -|   2.92|      500|  2.000e+03|         1|        1|    500|       yes|            -|         -|             -|             -|    -|
    |     + grp_aggr_mean_Pipeline_VITIS_LOOP_81_1_fu_54                                 |       -|   0.02|      242|    968.000|         -|      242|      -|        no|            -|         -|     152 (~0%)|     218 (~0%)|    -|
    |      o VITIS_LOOP_81_1                                                             |       -|   2.92|      240|    960.000|         4|        3|     80|       yes|            -|         -|             -|             -|    -|
    |     + grp_aggr_mean_Pipeline_VITIS_LOOP_91_2_VITIS_LOOP_93_3_fu_63                 |       -|   0.13|     1574|  6.296e+03|         -|     1574|      -|        no|            -|         -|    5209 (~0%)|    4028 (~0%)|    -|
    |      o VITIS_LOOP_91_2_VITIS_LOOP_93_3                                             |       -|   2.92|     1572|  6.288e+03|        54|        1|   1520|       yes|            -|         -|             -|             -|    -|
    |    + grp_aggr_min_fu_94                                                            |       -|   0.51|     4731|  1.892e+04|         -|     4731|      -|        no|            -|         -|     207 (~0%)|     515 (~0%)|    -|
    |     + grp_aggr_min_Pipeline_VITIS_LOOP_151_1_VITIS_LOOP_153_2_fu_18                |       -|   0.51|     1522|  6.088e+03|         -|     1522|      -|        no|            -|         -|      38 (~0%)|     185 (~0%)|    -|
    |      o VITIS_LOOP_151_1_VITIS_LOOP_153_2                                           |       -|   2.92|     1520|  6.080e+03|         2|        1|   1520|       yes|            -|         -|             -|             -|    -|
    |     + grp_aggr_min_Pipeline_VITIS_LOOP_158_3_VITIS_LOOP_160_4_fu_24                |       -|   0.51|     3206|  1.282e+04|         -|     3206|      -|        no|            -|         -|     163 (~0%)|     239 (~0%)|    -|
    |      o VITIS_LOOP_158_3_VITIS_LOOP_160_4                                           |       -|   2.92|     3204|  1.282e+04|         6|        1|   3200|       yes|            -|         -|             -|             -|    -|
    |    + grp_aggr_max_fu_104                                                           |       -|   0.51|     4731|  1.892e+04|         -|     4731|      -|        no|            -|         -|     207 (~0%)|     515 (~0%)|    -|
    |     + grp_aggr_max_Pipeline_VITIS_LOOP_130_1_VITIS_LOOP_132_2_fu_18                |       -|   0.51|     1522|  6.088e+03|         -|     1522|      -|        no|            -|         -|      38 (~0%)|     185 (~0%)|    -|
    |      o VITIS_LOOP_130_1_VITIS_LOOP_132_2                                           |       -|   2.92|     1520|  6.080e+03|         2|        1|   1520|       yes|            -|         -|             -|             -|    -|
    |     + grp_aggr_max_Pipeline_VITIS_LOOP_137_3_VITIS_LOOP_139_4_fu_24                |       -|   0.51|     3206|  1.282e+04|         -|     3206|      -|        no|            -|         -|     163 (~0%)|     239 (~0%)|    -|
    |      o VITIS_LOOP_137_3_VITIS_LOOP_139_4                                           |       -|   2.92|     3204|  1.282e+04|         6|        1|   3200|       yes|            -|         -|             -|             -|    -|
    |    + grp_aggr_std_fu_114                                                           |       -|   0.01|    52989|  2.120e+05|         -|    52989|      -|        no|            -|   3 (~0%)|    8186 (~0%)|   10215 (~0%)|    -|
    |     + grp_aggr_std_Pipeline_1_fu_32                                                |       -|   0.67|    40002|  1.600e+05|         -|    40002|      -|        no|            -|         -|      18 (~0%)|      63 (~0%)|    -|
    |      o Loop 1                                                                      |       -|   2.92|    40000|  1.600e+05|         1|        1|  40000|       yes|            -|         -|             -|             -|    -|
    |     + grp_aggr_std_Pipeline_VITIS_LOOP_106_1_VITIS_LOOP_108_2_fu_38                |       -|   0.03|     3206|  1.282e+04|         -|     3206|      -|        no|            -|         -|     190 (~0%)|     221 (~0%)|    -|
    |      o VITIS_LOOP_106_1_VITIS_LOOP_108_2                                           |       -|   2.92|     3204|  1.282e+04|         6|        1|   3200|       yes|            -|         -|             -|             -|    -|
    |     + grp_aggr_mean_fu_46                                                          |       -|   0.02|     8227|  3.291e+04|         -|     8227|      -|        no|            -|         -|    5550 (~0%)|    4790 (~0%)|    -|
    |      + grp_scatter_sum_fu_36                                                       |       -|   0.48|     6406|  2.562e+04|         -|     6406|      -|        no|            -|         -|     168 (~0%)|     283 (~0%)|    -|
    |       o VITIS_LOOP_47_1_VITIS_LOOP_49_2                                            |       -|   2.92|     6404|  2.562e+04|         6|        1|   6400|       yes|            -|         -|             -|             -|    -|
    |      + grp_aggr_mean_Pipeline_1_fu_48                                              |       -|   0.88|      502|  2.008e+03|         -|      502|      -|        no|            -|         -|      11 (~0%)|      54 (~0%)|    -|
    |       o Loop 1                                                                     |       -|   2.92|      500|  2.000e+03|         1|        1|    500|       yes|            -|         -|             -|             -|    -|
    |      + grp_aggr_mean_Pipeline_VITIS_LOOP_81_1_fu_54                                |       -|   0.02|      242|    968.000|         -|      242|      -|        no|            -|         -|     152 (~0%)|     218 (~0%)|    -|
    |       o VITIS_LOOP_81_1                                                            |       -|   2.92|      240|    960.000|         4|        3|     80|       yes|            -|         -|             -|             -|    -|
    |      + grp_aggr_mean_Pipeline_VITIS_LOOP_91_2_VITIS_LOOP_93_3_fu_63                |       -|   0.13|     1574|  6.296e+03|         -|     1574|      -|        no|            -|         -|    5209 (~0%)|    4028 (~0%)|    -|
    |       o VITIS_LOOP_91_2_VITIS_LOOP_93_3                                            |       -|   2.92|     1572|  6.288e+03|        54|        1|   1520|       yes|            -|         -|             -|             -|    -|
    |     + grp_aggr_std_Pipeline_VITIS_LOOP_112_3_VITIS_LOOP_114_4_fu_62                |       -|   0.01|     1547|  6.188e+03|         -|     1547|      -|        no|            -|         -|    2251 (~0%)|    4852 (~0%)|    -|
    |      + grp_sqrt_fixed_32_16_s_fu_117                                               |      II|   0.01|       19|     76.000|         -|        1|      -|       yes|            -|         -|    1944 (~0%)|    4529 (~0%)|    -|
    |      o VITIS_LOOP_112_3_VITIS_LOOP_114_4                                           |       -|   2.92|     1545|  6.180e+03|        27|        1|   1520|       yes|            -|         -|             -|             -|    -|
    |    + grp_aggr_Pipeline_VITIS_LOOP_214_1_VITIS_LOOP_216_2_fu_132                    |       -|   0.33|     1523|  6.092e+03|         -|     1523|      -|        no|            -|         -|      52 (~0%)|     185 (~0%)|    -|
    |     o VITIS_LOOP_214_1_VITIS_LOOP_216_2                                            |       -|   2.92|     1521|  6.084e+03|         3|        1|   1520|       yes|            -|         -|             -|             -|    -|
    |   + grp_message_passing_Pipeline_VITIS_LOOP_261_2_fu_2149                          |       -|   0.48|       83|    332.000|         -|       83|      -|        no|            -|         -|      70 (~0%)|     144 (~0%)|    -|
    |    o VITIS_LOOP_261_2                                                              |       -|   2.92|       81|    324.000|         3|        1|     80|       yes|            -|         -|             -|             -|    -|
    |   + grp_scale_fu_2162                                                              |       -|   0.02|     5777|  2.311e+04|         -|     5777|      -|        no|      1 (~0%)|  43 (~0%)|    5518 (~0%)|    3461 (~0%)|    -|
    |    + grp_log_32_16_s_fu_2019                                                       |      II|   0.02|       10|     40.000|         -|        1|      -|       yes|      1 (~0%)|   2 (~0%)|     953 (~0%)|    1587 (~0%)|    -|
    |    + grp_scale_Pipeline_VITIS_LOOP_180_2_fu_2030                                   |       -|   0.03|      249|    996.000|         -|      249|      -|        no|            -|         -|    1181 (~0%)|     192 (~0%)|    -|
    |     o VITIS_LOOP_180_2                                                             |       -|   2.92|      247|    988.000|         9|        3|     80|       yes|            -|         -|             -|             -|    -|
    |    o VITIS_LOOP_174_1                                                              |       -|   2.92|     5776|  2.310e+04|       304|        -|     19|        no|            -|         -|             -|             -|    -|
    |   o VITIS_LOOP_255_1                                                               |       -|   2.92|     3520|  1.408e+04|        88|        -|     40|        no|            -|         -|             -|             -|    -|
    |  + grp_Linear_relu_fu_5884                                                         |       -|   0.34|     3529|  1.412e+04|         -|     3529|      -|        no|            -|         -|   120486 (4%)|   118467 (9%)|    -|
    |   + grp_Linear_relu_Pipeline_VITIS_LOOP_285_1_VITIS_LOOP_289_2_fu_3856             |       -|   0.34|     2002|  8.008e+03|         -|     2002|      -|        no|            -|         -|   120383 (4%)|   118140 (9%)|    -|
    |    o VITIS_LOOP_285_1_VITIS_LOOP_289_2                                             |       -|   2.92|     2000|  8.000e+03|       482|        1|   1520|       yes|            -|         -|             -|             -|    -|
    |   + grp_Linear_relu_Pipeline_VITIS_LOOP_301_4_VITIS_LOOP_303_5_fu_7704             |       -|   0.51|     1524|  6.096e+03|         -|     1524|      -|        no|            -|         -|      97 (~0%)|     236 (~0%)|    -|
    |    o VITIS_LOOP_301_4_VITIS_LOOP_303_5                                             |       -|   2.92|     1522|  6.088e+03|         4|        1|   1520|       yes|            -|         -|             -|             -|    -|
    | + grp_PNA_compute_one_graph_Pipeline_VITIS_LOOP_495_4_VITIS_LOOP_497_5_fu_19462    |       -|   0.48|     1524|  6.096e+03|         -|     1524|      -|        no|            -|         -|      98 (~0%)|     224 (~0%)|    -|
    |  o VITIS_LOOP_495_4_VITIS_LOOP_497_5                                               |       -|   2.92|     1522|  6.088e+03|         4|        1|   1520|       yes|            -|         -|             -|             -|    -|
    | + grp_CONV_1_fu_19470                                                              |  Timing|  -0.00|   165055|  6.602e+05|         -|   165055|      -|        no|    961 (23%)|  46 (~0%)|   141544 (5%)|  167976 (12%)|    -|
    |  + grp_message_passing_1_fu_3920                                                   |  Timing|  -0.00|   161523|  6.461e+05|         -|   161523|      -|        no|      1 (~0%)|  46 (~0%)|   20091 (~0%)|    21623 (1%)|    -|
    |   + grp_message_passing_1_Pipeline_1_fu_2095                                       |       -|   0.67|    40002|  1.600e+05|         -|    40002|      -|        no|            -|         -|      18 (~0%)|      63 (~0%)|    -|
    |    o Loop 1                                                                        |       -|   2.92|    40000|  1.600e+05|         1|        1|  40000|       yes|            -|         -|             -|             -|    -|
    |   + grp_message_passing_1_Pipeline_2_fu_2101                                       |       -|   0.67|    40002|  1.600e+05|         -|    40002|      -|        no|            -|         -|      18 (~0%)|      63 (~0%)|    -|
    |    o Loop 1                                                                        |       -|   2.92|    40000|  1.600e+05|         1|        1|  40000|       yes|            -|         -|             -|             -|    -|
    |   + grp_message_passing_1_Pipeline_3_fu_2107                                       |       -|   0.88|      502|  2.008e+03|         -|      502|      -|        no|            -|         -|      11 (~0%)|      54 (~0%)|    -|
    |    o Loop 1                                                                        |       -|   2.92|      500|  2.000e+03|         1|        1|    500|       yes|            -|         -|             -|             -|    -|
    |   + grp_message_passing_1_Pipeline_4_fu_2113                                       |       -|   0.88|      502|  2.008e+03|         -|      502|      -|        no|            -|         -|      11 (~0%)|      54 (~0%)|    -|
    |    o Loop 1                                                                        |       -|   2.92|      500|  2.000e+03|         1|        1|    500|       yes|            -|         -|             -|             -|    -|
    |   + grp_aggr_fu_2119                                                               |       -|   0.01|   112214|  4.489e+05|         -|   112214|      -|        no|            -|   3 (~0%)|   14295 (~0%)|    17103 (1%)|    -|
    |    + grp_aggr_Pipeline_1_fu_54                                                     |       -|   0.67|    40002|  1.600e+05|         -|    40002|      -|        no|            -|         -|      18 (~0%)|      63 (~0%)|    -|
    |     o Loop 1                                                                       |       -|   2.92|    40000|  1.600e+05|         1|        1|  40000|       yes|            -|         -|             -|             -|    -|
    |    + grp_aggr_Pipeline_2_fu_60                                                     |       -|   0.67|    40002|  1.600e+05|         -|    40002|      -|        no|            -|         -|      18 (~0%)|      63 (~0%)|    -|
    |     o Loop 1                                                                       |       -|   2.92|    40000|  1.600e+05|         1|        1|  40000|       yes|            -|         -|             -|             -|    -|
    |    + grp_aggr_Pipeline_3_fu_66                                                     |       -|   0.67|    40002|  1.600e+05|         -|    40002|      -|        no|            -|         -|      18 (~0%)|      63 (~0%)|    -|
    |     o Loop 1                                                                       |       -|   2.92|    40000|  1.600e+05|         1|        1|  40000|       yes|            -|         -|             -|             -|    -|
    |    + grp_aggr_Pipeline_4_fu_72                                                     |       -|   0.67|    40002|  1.600e+05|         -|    40002|      -|        no|            -|         -|      18 (~0%)|      63 (~0%)|    -|
    |     o Loop 1                                                                       |       -|   2.92|    40000|  1.600e+05|         1|        1|  40000|       yes|            -|         -|             -|             -|    -|
    |    + grp_aggr_mean_fu_78                                                           |       -|   0.02|     8227|  3.291e+04|         -|     8227|      -|        no|            -|         -|    5550 (~0%)|    4790 (~0%)|    -|
    |     + grp_scatter_sum_fu_36                                                        |       -|   0.48|     6406|  2.562e+04|         -|     6406|      -|        no|            -|         -|     168 (~0%)|     283 (~0%)|    -|
    |      o VITIS_LOOP_47_1_VITIS_LOOP_49_2                                             |       -|   2.92|     6404|  2.562e+04|         6|        1|   6400|       yes|            -|         -|             -|             -|    -|
    |     + grp_aggr_mean_Pipeline_1_fu_48                                               |       -|   0.88|      502|  2.008e+03|         -|      502|      -|        no|            -|         -|      11 (~0%)|      54 (~0%)|    -|
    |      o Loop 1                                                                      |       -|   2.92|      500|  2.000e+03|         1|        1|    500|       yes|            -|         -|             -|             -|    -|
    |     + grp_aggr_mean_Pipeline_VITIS_LOOP_81_1_fu_54                                 |       -|   0.02|      242|    968.000|         -|      242|      -|        no|            -|         -|     152 (~0%)|     218 (~0%)|    -|
    |      o VITIS_LOOP_81_1                                                             |       -|   2.92|      240|    960.000|         4|        3|     80|       yes|            -|         -|             -|             -|    -|
    |     + grp_aggr_mean_Pipeline_VITIS_LOOP_91_2_VITIS_LOOP_93_3_fu_63                 |       -|   0.13|     1574|  6.296e+03|         -|     1574|      -|        no|            -|         -|    5209 (~0%)|    4028 (~0%)|    -|
    |      o VITIS_LOOP_91_2_VITIS_LOOP_93_3                                             |       -|   2.92|     1572|  6.288e+03|        54|        1|   1520|       yes|            -|         -|             -|             -|    -|
    |    + grp_aggr_min_fu_94                                                            |       -|   0.51|     4731|  1.892e+04|         -|     4731|      -|        no|            -|         -|     207 (~0%)|     515 (~0%)|    -|
    |     + grp_aggr_min_Pipeline_VITIS_LOOP_151_1_VITIS_LOOP_153_2_fu_18                |       -|   0.51|     1522|  6.088e+03|         -|     1522|      -|        no|            -|         -|      38 (~0%)|     185 (~0%)|    -|
    |      o VITIS_LOOP_151_1_VITIS_LOOP_153_2                                           |       -|   2.92|     1520|  6.080e+03|         2|        1|   1520|       yes|            -|         -|             -|             -|    -|
    |     + grp_aggr_min_Pipeline_VITIS_LOOP_158_3_VITIS_LOOP_160_4_fu_24                |       -|   0.51|     3206|  1.282e+04|         -|     3206|      -|        no|            -|         -|     163 (~0%)|     239 (~0%)|    -|
    |      o VITIS_LOOP_158_3_VITIS_LOOP_160_4                                           |       -|   2.92|     3204|  1.282e+04|         6|        1|   3200|       yes|            -|         -|             -|             -|    -|
    |    + grp_aggr_max_fu_104                                                           |       -|   0.51|     4731|  1.892e+04|         -|     4731|      -|        no|            -|         -|     207 (~0%)|     515 (~0%)|    -|
    |     + grp_aggr_max_Pipeline_VITIS_LOOP_130_1_VITIS_LOOP_132_2_fu_18                |       -|   0.51|     1522|  6.088e+03|         -|     1522|      -|        no|            -|         -|      38 (~0%)|     185 (~0%)|    -|
    |      o VITIS_LOOP_130_1_VITIS_LOOP_132_2                                           |       -|   2.92|     1520|  6.080e+03|         2|        1|   1520|       yes|            -|         -|             -|             -|    -|
    |     + grp_aggr_max_Pipeline_VITIS_LOOP_137_3_VITIS_LOOP_139_4_fu_24                |       -|   0.51|     3206|  1.282e+04|         -|     3206|      -|        no|            -|         -|     163 (~0%)|     239 (~0%)|    -|
    |      o VITIS_LOOP_137_3_VITIS_LOOP_139_4                                           |       -|   2.92|     3204|  1.282e+04|         6|        1|   3200|       yes|            -|         -|             -|             -|    -|
    |    + grp_aggr_std_fu_114                                                           |       -|   0.01|    52989|  2.120e+05|         -|    52989|      -|        no|            -|   3 (~0%)|    8186 (~0%)|   10215 (~0%)|    -|
    |     + grp_aggr_std_Pipeline_1_fu_32                                                |       -|   0.67|    40002|  1.600e+05|         -|    40002|      -|        no|            -|         -|      18 (~0%)|      63 (~0%)|    -|
    |      o Loop 1                                                                      |       -|   2.92|    40000|  1.600e+05|         1|        1|  40000|       yes|            -|         -|             -|             -|    -|
    |     + grp_aggr_std_Pipeline_VITIS_LOOP_106_1_VITIS_LOOP_108_2_fu_38                |       -|   0.03|     3206|  1.282e+04|         -|     3206|      -|        no|            -|         -|     190 (~0%)|     221 (~0%)|    -|
    |      o VITIS_LOOP_106_1_VITIS_LOOP_108_2                                           |       -|   2.92|     3204|  1.282e+04|         6|        1|   3200|       yes|            -|         -|             -|             -|    -|
    |     + grp_aggr_mean_fu_46                                                          |       -|   0.02|     8227|  3.291e+04|         -|     8227|      -|        no|            -|         -|    5550 (~0%)|    4790 (~0%)|    -|
    |      + grp_scatter_sum_fu_36                                                       |       -|   0.48|     6406|  2.562e+04|         -|     6406|      -|        no|            -|         -|     168 (~0%)|     283 (~0%)|    -|
    |       o VITIS_LOOP_47_1_VITIS_LOOP_49_2                                            |       -|   2.92|     6404|  2.562e+04|         6|        1|   6400|       yes|            -|         -|             -|             -|    -|
    |      + grp_aggr_mean_Pipeline_1_fu_48                                              |       -|   0.88|      502|  2.008e+03|         -|      502|      -|        no|            -|         -|      11 (~0%)|      54 (~0%)|    -|
    |       o Loop 1                                                                     |       -|   2.92|      500|  2.000e+03|         1|        1|    500|       yes|            -|         -|             -|             -|    -|
    |      + grp_aggr_mean_Pipeline_VITIS_LOOP_81_1_fu_54                                |       -|   0.02|      242|    968.000|         -|      242|      -|        no|            -|         -|     152 (~0%)|     218 (~0%)|    -|
    |       o VITIS_LOOP_81_1                                                            |       -|   2.92|      240|    960.000|         4|        3|     80|       yes|            -|         -|             -|             -|    -|
    |      + grp_aggr_mean_Pipeline_VITIS_LOOP_91_2_VITIS_LOOP_93_3_fu_63                |       -|   0.13|     1574|  6.296e+03|         -|     1574|      -|        no|            -|         -|    5209 (~0%)|    4028 (~0%)|    -|
    |       o VITIS_LOOP_91_2_VITIS_LOOP_93_3                                            |       -|   2.92|     1572|  6.288e+03|        54|        1|   1520|       yes|            -|         -|             -|             -|    -|
    |     + grp_aggr_std_Pipeline_VITIS_LOOP_112_3_VITIS_LOOP_114_4_fu_62                |       -|   0.01|     1547|  6.188e+03|         -|     1547|      -|        no|            -|         -|    2251 (~0%)|    4852 (~0%)|    -|
    |      + grp_sqrt_fixed_32_16_s_fu_117                                               |      II|   0.01|       19|     76.000|         -|        1|      -|       yes|            -|         -|    1944 (~0%)|    4529 (~0%)|    -|
    |      o VITIS_LOOP_112_3_VITIS_LOOP_114_4                                           |       -|   2.92|     1545|  6.180e+03|        27|        1|   1520|       yes|            -|         -|             -|             -|    -|
    |    + grp_aggr_Pipeline_VITIS_LOOP_214_1_VITIS_LOOP_216_2_fu_132                    |       -|   0.33|     1523|  6.092e+03|         -|     1523|      -|        no|            -|         -|      52 (~0%)|     185 (~0%)|    -|
    |     o VITIS_LOOP_214_1_VITIS_LOOP_216_2                                            |       -|   2.92|     1521|  6.084e+03|         3|        1|   1520|       yes|            -|         -|             -|             -|    -|
    |   + grp_message_passing_1_Pipeline_VITIS_LOOP_261_2_fu_2149                        |       -|   0.48|       83|    332.000|         -|       83|      -|        no|            -|         -|      70 (~0%)|     144 (~0%)|    -|
    |    o VITIS_LOOP_261_2                                                              |       -|   2.92|       81|    324.000|         3|        1|     80|       yes|            -|         -|             -|             -|    -|
    |   + grp_scale_fu_2162                                                              |       -|   0.02|     5777|  2.311e+04|         -|     5777|      -|        no|      1 (~0%)|  43 (~0%)|    5518 (~0%)|    3461 (~0%)|    -|
    |    + grp_log_32_16_s_fu_2019                                                       |      II|   0.02|       10|     40.000|         -|        1|      -|       yes|      1 (~0%)|   2 (~0%)|     953 (~0%)|    1587 (~0%)|    -|
    |    + grp_scale_Pipeline_VITIS_LOOP_180_2_fu_2030                                   |       -|   0.03|      249|    996.000|         -|      249|      -|        no|            -|         -|    1181 (~0%)|     192 (~0%)|    -|
    |     o VITIS_LOOP_180_2                                                             |       -|   2.92|      247|    988.000|         9|        3|     80|       yes|            -|         -|             -|             -|    -|
    |    o VITIS_LOOP_174_1                                                              |       -|   2.92|     5776|  2.310e+04|       304|        -|     19|        no|            -|         -|             -|             -|    -|
    |   o VITIS_LOOP_255_1                                                               |       -|   2.92|     3520|  1.408e+04|        88|        -|     40|        no|            -|         -|             -|             -|    -|
    |  + grp_Linear_relu_fu_5884                                                         |       -|   0.34|     3529|  1.412e+04|         -|     3529|      -|        no|            -|         -|   120486 (4%)|   118467 (9%)|    -|
    |   + grp_Linear_relu_Pipeline_VITIS_LOOP_285_1_VITIS_LOOP_289_2_fu_3856             |       -|   0.34|     2002|  8.008e+03|         -|     2002|      -|        no|            -|         -|   120383 (4%)|   118140 (9%)|    -|
    |    o VITIS_LOOP_285_1_VITIS_LOOP_289_2                                             |       -|   2.92|     2000|  8.000e+03|       482|        1|   1520|       yes|            -|         -|             -|             -|    -|
    |   + grp_Linear_relu_Pipeline_VITIS_LOOP_301_4_VITIS_LOOP_303_5_fu_7704             |       -|   0.51|     1524|  6.096e+03|         -|     1524|      -|        no|            -|         -|      97 (~0%)|     236 (~0%)|    -|
    |    o VITIS_LOOP_301_4_VITIS_LOOP_303_5                                             |       -|   2.92|     1522|  6.088e+03|         4|        1|   1520|       yes|            -|         -|             -|             -|    -|
    | + grp_PNA_compute_one_graph_Pipeline_VITIS_LOOP_505_6_VITIS_LOOP_507_7_fu_23357    |       -|   0.48|     1524|  6.096e+03|         -|     1524|      -|        no|            -|         -|      98 (~0%)|     224 (~0%)|    -|
    |  o VITIS_LOOP_505_6_VITIS_LOOP_507_7                                               |       -|   2.92|     1522|  6.088e+03|         4|        1|   1520|       yes|            -|         -|             -|             -|    -|
    | + grp_CONV_2_fu_23365                                                              |  Timing|  -0.00|   165055|  6.602e+05|         -|   165055|      -|        no|    961 (23%)|  46 (~0%)|   141544 (5%)|  167976 (12%)|    -|
    |  + grp_message_passing_1_fu_3920                                                   |  Timing|  -0.00|   161523|  6.461e+05|         -|   161523|      -|        no|      1 (~0%)|  46 (~0%)|   20091 (~0%)|    21623 (1%)|    -|
    |   + grp_message_passing_1_Pipeline_1_fu_2095                                       |       -|   0.67|    40002|  1.600e+05|         -|    40002|      -|        no|            -|         -|      18 (~0%)|      63 (~0%)|    -|
    |    o Loop 1                                                                        |       -|   2.92|    40000|  1.600e+05|         1|        1|  40000|       yes|            -|         -|             -|             -|    -|
    |   + grp_message_passing_1_Pipeline_2_fu_2101                                       |       -|   0.67|    40002|  1.600e+05|         -|    40002|      -|        no|            -|         -|      18 (~0%)|      63 (~0%)|    -|
    |    o Loop 1                                                                        |       -|   2.92|    40000|  1.600e+05|         1|        1|  40000|       yes|            -|         -|             -|             -|    -|
    |   + grp_message_passing_1_Pipeline_3_fu_2107                                       |       -|   0.88|      502|  2.008e+03|         -|      502|      -|        no|            -|         -|      11 (~0%)|      54 (~0%)|    -|
    |    o Loop 1                                                                        |       -|   2.92|      500|  2.000e+03|         1|        1|    500|       yes|            -|         -|             -|             -|    -|
    |   + grp_message_passing_1_Pipeline_4_fu_2113                                       |       -|   0.88|      502|  2.008e+03|         -|      502|      -|        no|            -|         -|      11 (~0%)|      54 (~0%)|    -|
    |    o Loop 1                                                                        |       -|   2.92|      500|  2.000e+03|         1|        1|    500|       yes|            -|         -|             -|             -|    -|
    |   + grp_aggr_fu_2119                                                               |       -|   0.01|   112214|  4.489e+05|         -|   112214|      -|        no|            -|   3 (~0%)|   14295 (~0%)|    17103 (1%)|    -|
    |    + grp_aggr_Pipeline_1_fu_54                                                     |       -|   0.67|    40002|  1.600e+05|         -|    40002|      -|        no|            -|         -|      18 (~0%)|      63 (~0%)|    -|
    |     o Loop 1                                                                       |       -|   2.92|    40000|  1.600e+05|         1|        1|  40000|       yes|            -|         -|             -|             -|    -|
    |    + grp_aggr_Pipeline_2_fu_60                                                     |       -|   0.67|    40002|  1.600e+05|         -|    40002|      -|        no|            -|         -|      18 (~0%)|      63 (~0%)|    -|
    |     o Loop 1                                                                       |       -|   2.92|    40000|  1.600e+05|         1|        1|  40000|       yes|            -|         -|             -|             -|    -|
    |    + grp_aggr_Pipeline_3_fu_66                                                     |       -|   0.67|    40002|  1.600e+05|         -|    40002|      -|        no|            -|         -|      18 (~0%)|      63 (~0%)|    -|
    |     o Loop 1                                                                       |       -|   2.92|    40000|  1.600e+05|         1|        1|  40000|       yes|            -|         -|             -|             -|    -|
    |    + grp_aggr_Pipeline_4_fu_72                                                     |       -|   0.67|    40002|  1.600e+05|         -|    40002|      -|        no|            -|         -|      18 (~0%)|      63 (~0%)|    -|
    |     o Loop 1                                                                       |       -|   2.92|    40000|  1.600e+05|         1|        1|  40000|       yes|            -|         -|             -|             -|    -|
    |    + grp_aggr_mean_fu_78                                                           |       -|   0.02|     8227|  3.291e+04|         -|     8227|      -|        no|            -|         -|    5550 (~0%)|    4790 (~0%)|    -|
    |     + grp_scatter_sum_fu_36                                                        |       -|   0.48|     6406|  2.562e+04|         -|     6406|      -|        no|            -|         -|     168 (~0%)|     283 (~0%)|    -|
    |      o VITIS_LOOP_47_1_VITIS_LOOP_49_2                                             |       -|   2.92|     6404|  2.562e+04|         6|        1|   6400|       yes|            -|         -|             -|             -|    -|
    |     + grp_aggr_mean_Pipeline_1_fu_48                                               |       -|   0.88|      502|  2.008e+03|         -|      502|      -|        no|            -|         -|      11 (~0%)|      54 (~0%)|    -|
    |      o Loop 1                                                                      |       -|   2.92|      500|  2.000e+03|         1|        1|    500|       yes|            -|         -|             -|             -|    -|
    |     + grp_aggr_mean_Pipeline_VITIS_LOOP_81_1_fu_54                                 |       -|   0.02|      242|    968.000|         -|      242|      -|        no|            -|         -|     152 (~0%)|     218 (~0%)|    -|
    |      o VITIS_LOOP_81_1                                                             |       -|   2.92|      240|    960.000|         4|        3|     80|       yes|            -|         -|             -|             -|    -|
    |     + grp_aggr_mean_Pipeline_VITIS_LOOP_91_2_VITIS_LOOP_93_3_fu_63                 |       -|   0.13|     1574|  6.296e+03|         -|     1574|      -|        no|            -|         -|    5209 (~0%)|    4028 (~0%)|    -|
    |      o VITIS_LOOP_91_2_VITIS_LOOP_93_3                                             |       -|   2.92|     1572|  6.288e+03|        54|        1|   1520|       yes|            -|         -|             -|             -|    -|
    |    + grp_aggr_min_fu_94                                                            |       -|   0.51|     4731|  1.892e+04|         -|     4731|      -|        no|            -|         -|     207 (~0%)|     515 (~0%)|    -|
    |     + grp_aggr_min_Pipeline_VITIS_LOOP_151_1_VITIS_LOOP_153_2_fu_18                |       -|   0.51|     1522|  6.088e+03|         -|     1522|      -|        no|            -|         -|      38 (~0%)|     185 (~0%)|    -|
    |      o VITIS_LOOP_151_1_VITIS_LOOP_153_2                                           |       -|   2.92|     1520|  6.080e+03|         2|        1|   1520|       yes|            -|         -|             -|             -|    -|
    |     + grp_aggr_min_Pipeline_VITIS_LOOP_158_3_VITIS_LOOP_160_4_fu_24                |       -|   0.51|     3206|  1.282e+04|         -|     3206|      -|        no|            -|         -|     163 (~0%)|     239 (~0%)|    -|
    |      o VITIS_LOOP_158_3_VITIS_LOOP_160_4                                           |       -|   2.92|     3204|  1.282e+04|         6|        1|   3200|       yes|            -|         -|             -|             -|    -|
    |    + grp_aggr_max_fu_104                                                           |       -|   0.51|     4731|  1.892e+04|         -|     4731|      -|        no|            -|         -|     207 (~0%)|     515 (~0%)|    -|
    |     + grp_aggr_max_Pipeline_VITIS_LOOP_130_1_VITIS_LOOP_132_2_fu_18                |       -|   0.51|     1522|  6.088e+03|         -|     1522|      -|        no|            -|         -|      38 (~0%)|     185 (~0%)|    -|
    |      o VITIS_LOOP_130_1_VITIS_LOOP_132_2                                           |       -|   2.92|     1520|  6.080e+03|         2|        1|   1520|       yes|            -|         -|             -|             -|    -|
    |     + grp_aggr_max_Pipeline_VITIS_LOOP_137_3_VITIS_LOOP_139_4_fu_24                |       -|   0.51|     3206|  1.282e+04|         -|     3206|      -|        no|            -|         -|     163 (~0%)|     239 (~0%)|    -|
    |      o VITIS_LOOP_137_3_VITIS_LOOP_139_4                                           |       -|   2.92|     3204|  1.282e+04|         6|        1|   3200|       yes|            -|         -|             -|             -|    -|
    |    + grp_aggr_std_fu_114                                                           |       -|   0.01|    52989|  2.120e+05|         -|    52989|      -|        no|            -|   3 (~0%)|    8186 (~0%)|   10215 (~0%)|    -|
    |     + grp_aggr_std_Pipeline_1_fu_32                                                |       -|   0.67|    40002|  1.600e+05|         -|    40002|      -|        no|            -|         -|      18 (~0%)|      63 (~0%)|    -|
    |      o Loop 1                                                                      |       -|   2.92|    40000|  1.600e+05|         1|        1|  40000|       yes|            -|         -|             -|             -|    -|
    |     + grp_aggr_std_Pipeline_VITIS_LOOP_106_1_VITIS_LOOP_108_2_fu_38                |       -|   0.03|     3206|  1.282e+04|         -|     3206|      -|        no|            -|         -|     190 (~0%)|     221 (~0%)|    -|
    |      o VITIS_LOOP_106_1_VITIS_LOOP_108_2                                           |       -|   2.92|     3204|  1.282e+04|         6|        1|   3200|       yes|            -|         -|             -|             -|    -|
    |     + grp_aggr_mean_fu_46                                                          |       -|   0.02|     8227|  3.291e+04|         -|     8227|      -|        no|            -|         -|    5550 (~0%)|    4790 (~0%)|    -|
    |      + grp_scatter_sum_fu_36                                                       |       -|   0.48|     6406|  2.562e+04|         -|     6406|      -|        no|            -|         -|     168 (~0%)|     283 (~0%)|    -|
    |       o VITIS_LOOP_47_1_VITIS_LOOP_49_2                                            |       -|   2.92|     6404|  2.562e+04|         6|        1|   6400|       yes|            -|         -|             -|             -|    -|
    |      + grp_aggr_mean_Pipeline_1_fu_48                                              |       -|   0.88|      502|  2.008e+03|         -|      502|      -|        no|            -|         -|      11 (~0%)|      54 (~0%)|    -|
    |       o Loop 1                                                                     |       -|   2.92|      500|  2.000e+03|         1|        1|    500|       yes|            -|         -|             -|             -|    -|
    |      + grp_aggr_mean_Pipeline_VITIS_LOOP_81_1_fu_54                                |       -|   0.02|      242|    968.000|         -|      242|      -|        no|            -|         -|     152 (~0%)|     218 (~0%)|    -|
    |       o VITIS_LOOP_81_1                                                            |       -|   2.92|      240|    960.000|         4|        3|     80|       yes|            -|         -|             -|             -|    -|
    |      + grp_aggr_mean_Pipeline_VITIS_LOOP_91_2_VITIS_LOOP_93_3_fu_63                |       -|   0.13|     1574|  6.296e+03|         -|     1574|      -|        no|            -|         -|    5209 (~0%)|    4028 (~0%)|    -|
    |       o VITIS_LOOP_91_2_VITIS_LOOP_93_3                                            |       -|   2.92|     1572|  6.288e+03|        54|        1|   1520|       yes|            -|         -|             -|             -|    -|
    |     + grp_aggr_std_Pipeline_VITIS_LOOP_112_3_VITIS_LOOP_114_4_fu_62                |       -|   0.01|     1547|  6.188e+03|         -|     1547|      -|        no|            -|         -|    2251 (~0%)|    4852 (~0%)|    -|
    |      + grp_sqrt_fixed_32_16_s_fu_117                                               |      II|   0.01|       19|     76.000|         -|        1|      -|       yes|            -|         -|    1944 (~0%)|    4529 (~0%)|    -|
    |      o VITIS_LOOP_112_3_VITIS_LOOP_114_4                                           |       -|   2.92|     1545|  6.180e+03|        27|        1|   1520|       yes|            -|         -|             -|             -|    -|
    |    + grp_aggr_Pipeline_VITIS_LOOP_214_1_VITIS_LOOP_216_2_fu_132                    |       -|   0.33|     1523|  6.092e+03|         -|     1523|      -|        no|            -|         -|      52 (~0%)|     185 (~0%)|    -|
    |     o VITIS_LOOP_214_1_VITIS_LOOP_216_2                                            |       -|   2.92|     1521|  6.084e+03|         3|        1|   1520|       yes|            -|         -|             -|             -|    -|
    |   + grp_message_passing_1_Pipeline_VITIS_LOOP_261_2_fu_2149                        |       -|   0.48|       83|    332.000|         -|       83|      -|        no|            -|         -|      70 (~0%)|     144 (~0%)|    -|
    |    o VITIS_LOOP_261_2                                                              |       -|   2.92|       81|    324.000|         3|        1|     80|       yes|            -|         -|             -|             -|    -|
    |   + grp_scale_fu_2162                                                              |       -|   0.02|     5777|  2.311e+04|         -|     5777|      -|        no|      1 (~0%)|  43 (~0%)|    5518 (~0%)|    3461 (~0%)|    -|
    |    + grp_log_32_16_s_fu_2019                                                       |      II|   0.02|       10|     40.000|         -|        1|      -|       yes|      1 (~0%)|   2 (~0%)|     953 (~0%)|    1587 (~0%)|    -|
    |    + grp_scale_Pipeline_VITIS_LOOP_180_2_fu_2030                                   |       -|   0.03|      249|    996.000|         -|      249|      -|        no|            -|         -|    1181 (~0%)|     192 (~0%)|    -|
    |     o VITIS_LOOP_180_2                                                             |       -|   2.92|      247|    988.000|         9|        3|     80|       yes|            -|         -|             -|             -|    -|
    |    o VITIS_LOOP_174_1                                                              |       -|   2.92|     5776|  2.310e+04|       304|        -|     19|        no|            -|         -|             -|             -|    -|
    |   o VITIS_LOOP_255_1                                                               |       -|   2.92|     3520|  1.408e+04|        88|        -|     40|        no|            -|         -|             -|             -|    -|
    |  + grp_Linear_relu_fu_5884                                                         |       -|   0.34|     3529|  1.412e+04|         -|     3529|      -|        no|            -|         -|   120486 (4%)|   118467 (9%)|    -|
    |   + grp_Linear_relu_Pipeline_VITIS_LOOP_285_1_VITIS_LOOP_289_2_fu_3856             |       -|   0.34|     2002|  8.008e+03|         -|     2002|      -|        no|            -|         -|   120383 (4%)|   118140 (9%)|    -|
    |    o VITIS_LOOP_285_1_VITIS_LOOP_289_2                                             |       -|   2.92|     2000|  8.000e+03|       482|        1|   1520|       yes|            -|         -|             -|             -|    -|
    |   + grp_Linear_relu_Pipeline_VITIS_LOOP_301_4_VITIS_LOOP_303_5_fu_7704             |       -|   0.51|     1524|  6.096e+03|         -|     1524|      -|        no|            -|         -|      97 (~0%)|     236 (~0%)|    -|
    |    o VITIS_LOOP_301_4_VITIS_LOOP_303_5                                             |       -|   2.92|     1522|  6.088e+03|         4|        1|   1520|       yes|            -|         -|             -|             -|    -|
    | + grp_PNA_compute_one_graph_Pipeline_VITIS_LOOP_514_8_VITIS_LOOP_516_9_fu_27252    |       -|   0.48|     1524|  6.096e+03|         -|     1524|      -|        no|            -|         -|      98 (~0%)|     224 (~0%)|    -|
    |  o VITIS_LOOP_514_8_VITIS_LOOP_516_9                                               |       -|   2.92|     1522|  6.088e+03|         4|        1|   1520|       yes|            -|         -|             -|             -|    -|
    | + grp_CONV_3_fu_27260                                                              |  Timing|  -0.00|   165055|  6.602e+05|         -|   165055|      -|        no|    961 (23%)|  46 (~0%)|   141544 (5%)|  167976 (12%)|    -|
    |  + grp_message_passing_1_fu_3920                                                   |  Timing|  -0.00|   161523|  6.461e+05|         -|   161523|      -|        no|      1 (~0%)|  46 (~0%)|   20091 (~0%)|    21623 (1%)|    -|
    |   + grp_message_passing_1_Pipeline_1_fu_2095                                       |       -|   0.67|    40002|  1.600e+05|         -|    40002|      -|        no|            -|         -|      18 (~0%)|      63 (~0%)|    -|
    |    o Loop 1                                                                        |       -|   2.92|    40000|  1.600e+05|         1|        1|  40000|       yes|            -|         -|             -|             -|    -|
    |   + grp_message_passing_1_Pipeline_2_fu_2101                                       |       -|   0.67|    40002|  1.600e+05|         -|    40002|      -|        no|            -|         -|      18 (~0%)|      63 (~0%)|    -|
    |    o Loop 1                                                                        |       -|   2.92|    40000|  1.600e+05|         1|        1|  40000|       yes|            -|         -|             -|             -|    -|
    |   + grp_message_passing_1_Pipeline_3_fu_2107                                       |       -|   0.88|      502|  2.008e+03|         -|      502|      -|        no|            -|         -|      11 (~0%)|      54 (~0%)|    -|
    |    o Loop 1                                                                        |       -|   2.92|      500|  2.000e+03|         1|        1|    500|       yes|            -|         -|             -|             -|    -|
    |   + grp_message_passing_1_Pipeline_4_fu_2113                                       |       -|   0.88|      502|  2.008e+03|         -|      502|      -|        no|            -|         -|      11 (~0%)|      54 (~0%)|    -|
    |    o Loop 1                                                                        |       -|   2.92|      500|  2.000e+03|         1|        1|    500|       yes|            -|         -|             -|             -|    -|
    |   + grp_aggr_fu_2119                                                               |       -|   0.01|   112214|  4.489e+05|         -|   112214|      -|        no|            -|   3 (~0%)|   14295 (~0%)|    17103 (1%)|    -|
    |    + grp_aggr_Pipeline_1_fu_54                                                     |       -|   0.67|    40002|  1.600e+05|         -|    40002|      -|        no|            -|         -|      18 (~0%)|      63 (~0%)|    -|
    |     o Loop 1                                                                       |       -|   2.92|    40000|  1.600e+05|         1|        1|  40000|       yes|            -|         -|             -|             -|    -|
    |    + grp_aggr_Pipeline_2_fu_60                                                     |       -|   0.67|    40002|  1.600e+05|         -|    40002|      -|        no|            -|         -|      18 (~0%)|      63 (~0%)|    -|
    |     o Loop 1                                                                       |       -|   2.92|    40000|  1.600e+05|         1|        1|  40000|       yes|            -|         -|             -|             -|    -|
    |    + grp_aggr_Pipeline_3_fu_66                                                     |       -|   0.67|    40002|  1.600e+05|         -|    40002|      -|        no|            -|         -|      18 (~0%)|      63 (~0%)|    -|
    |     o Loop 1                                                                       |       -|   2.92|    40000|  1.600e+05|         1|        1|  40000|       yes|            -|         -|             -|             -|    -|
    |    + grp_aggr_Pipeline_4_fu_72                                                     |       -|   0.67|    40002|  1.600e+05|         -|    40002|      -|        no|            -|         -|      18 (~0%)|      63 (~0%)|    -|
    |     o Loop 1                                                                       |       -|   2.92|    40000|  1.600e+05|         1|        1|  40000|       yes|            -|         -|             -|             -|    -|
    |    + grp_aggr_mean_fu_78                                                           |       -|   0.02|     8227|  3.291e+04|         -|     8227|      -|        no|            -|         -|    5550 (~0%)|    4790 (~0%)|    -|
    |     + grp_scatter_sum_fu_36                                                        |       -|   0.48|     6406|  2.562e+04|         -|     6406|      -|        no|            -|         -|     168 (~0%)|     283 (~0%)|    -|
    |      o VITIS_LOOP_47_1_VITIS_LOOP_49_2                                             |       -|   2.92|     6404|  2.562e+04|         6|        1|   6400|       yes|            -|         -|             -|             -|    -|
    |     + grp_aggr_mean_Pipeline_1_fu_48                                               |       -|   0.88|      502|  2.008e+03|         -|      502|      -|        no|            -|         -|      11 (~0%)|      54 (~0%)|    -|
    |      o Loop 1                                                                      |       -|   2.92|      500|  2.000e+03|         1|        1|    500|       yes|            -|         -|             -|             -|    -|
    |     + grp_aggr_mean_Pipeline_VITIS_LOOP_81_1_fu_54                                 |       -|   0.02|      242|    968.000|         -|      242|      -|        no|            -|         -|     152 (~0%)|     218 (~0%)|    -|
    |      o VITIS_LOOP_81_1                                                             |       -|   2.92|      240|    960.000|         4|        3|     80|       yes|            -|         -|             -|             -|    -|
    |     + grp_aggr_mean_Pipeline_VITIS_LOOP_91_2_VITIS_LOOP_93_3_fu_63                 |       -|   0.13|     1574|  6.296e+03|         -|     1574|      -|        no|            -|         -|    5209 (~0%)|    4028 (~0%)|    -|
    |      o VITIS_LOOP_91_2_VITIS_LOOP_93_3                                             |       -|   2.92|     1572|  6.288e+03|        54|        1|   1520|       yes|            -|         -|             -|             -|    -|
    |    + grp_aggr_min_fu_94                                                            |       -|   0.51|     4731|  1.892e+04|         -|     4731|      -|        no|            -|         -|     207 (~0%)|     515 (~0%)|    -|
    |     + grp_aggr_min_Pipeline_VITIS_LOOP_151_1_VITIS_LOOP_153_2_fu_18                |       -|   0.51|     1522|  6.088e+03|         -|     1522|      -|        no|            -|         -|      38 (~0%)|     185 (~0%)|    -|
    |      o VITIS_LOOP_151_1_VITIS_LOOP_153_2                                           |       -|   2.92|     1520|  6.080e+03|         2|        1|   1520|       yes|            -|         -|             -|             -|    -|
    |     + grp_aggr_min_Pipeline_VITIS_LOOP_158_3_VITIS_LOOP_160_4_fu_24                |       -|   0.51|     3206|  1.282e+04|         -|     3206|      -|        no|            -|         -|     163 (~0%)|     239 (~0%)|    -|
    |      o VITIS_LOOP_158_3_VITIS_LOOP_160_4                                           |       -|   2.92|     3204|  1.282e+04|         6|        1|   3200|       yes|            -|         -|             -|             -|    -|
    |    + grp_aggr_max_fu_104                                                           |       -|   0.51|     4731|  1.892e+04|         -|     4731|      -|        no|            -|         -|     207 (~0%)|     515 (~0%)|    -|
    |     + grp_aggr_max_Pipeline_VITIS_LOOP_130_1_VITIS_LOOP_132_2_fu_18                |       -|   0.51|     1522|  6.088e+03|         -|     1522|      -|        no|            -|         -|      38 (~0%)|     185 (~0%)|    -|
    |      o VITIS_LOOP_130_1_VITIS_LOOP_132_2                                           |       -|   2.92|     1520|  6.080e+03|         2|        1|   1520|       yes|            -|         -|             -|             -|    -|
    |     + grp_aggr_max_Pipeline_VITIS_LOOP_137_3_VITIS_LOOP_139_4_fu_24                |       -|   0.51|     3206|  1.282e+04|         -|     3206|      -|        no|            -|         -|     163 (~0%)|     239 (~0%)|    -|
    |      o VITIS_LOOP_137_3_VITIS_LOOP_139_4                                           |       -|   2.92|     3204|  1.282e+04|         6|        1|   3200|       yes|            -|         -|             -|             -|    -|
    |    + grp_aggr_std_fu_114                                                           |       -|   0.01|    52989|  2.120e+05|         -|    52989|      -|        no|            -|   3 (~0%)|    8186 (~0%)|   10215 (~0%)|    -|
    |     + grp_aggr_std_Pipeline_1_fu_32                                                |       -|   0.67|    40002|  1.600e+05|         -|    40002|      -|        no|            -|         -|      18 (~0%)|      63 (~0%)|    -|
    |      o Loop 1                                                                      |       -|   2.92|    40000|  1.600e+05|         1|        1|  40000|       yes|            -|         -|             -|             -|    -|
    |     + grp_aggr_std_Pipeline_VITIS_LOOP_106_1_VITIS_LOOP_108_2_fu_38                |       -|   0.03|     3206|  1.282e+04|         -|     3206|      -|        no|            -|         -|     190 (~0%)|     221 (~0%)|    -|
    |      o VITIS_LOOP_106_1_VITIS_LOOP_108_2                                           |       -|   2.92|     3204|  1.282e+04|         6|        1|   3200|       yes|            -|         -|             -|             -|    -|
    |     + grp_aggr_mean_fu_46                                                          |       -|   0.02|     8227|  3.291e+04|         -|     8227|      -|        no|            -|         -|    5550 (~0%)|    4790 (~0%)|    -|
    |      + grp_scatter_sum_fu_36                                                       |       -|   0.48|     6406|  2.562e+04|         -|     6406|      -|        no|            -|         -|     168 (~0%)|     283 (~0%)|    -|
    |       o VITIS_LOOP_47_1_VITIS_LOOP_49_2                                            |       -|   2.92|     6404|  2.562e+04|         6|        1|   6400|       yes|            -|         -|             -|             -|    -|
    |      + grp_aggr_mean_Pipeline_1_fu_48                                              |       -|   0.88|      502|  2.008e+03|         -|      502|      -|        no|            -|         -|      11 (~0%)|      54 (~0%)|    -|
    |       o Loop 1                                                                     |       -|   2.92|      500|  2.000e+03|         1|        1|    500|       yes|            -|         -|             -|             -|    -|
    |      + grp_aggr_mean_Pipeline_VITIS_LOOP_81_1_fu_54                                |       -|   0.02|      242|    968.000|         -|      242|      -|        no|            -|         -|     152 (~0%)|     218 (~0%)|    -|
    |       o VITIS_LOOP_81_1                                                            |       -|   2.92|      240|    960.000|         4|        3|     80|       yes|            -|         -|             -|             -|    -|
    |      + grp_aggr_mean_Pipeline_VITIS_LOOP_91_2_VITIS_LOOP_93_3_fu_63                |       -|   0.13|     1574|  6.296e+03|         -|     1574|      -|        no|            -|         -|    5209 (~0%)|    4028 (~0%)|    -|
    |       o VITIS_LOOP_91_2_VITIS_LOOP_93_3                                            |       -|   2.92|     1572|  6.288e+03|        54|        1|   1520|       yes|            -|         -|             -|             -|    -|
    |     + grp_aggr_std_Pipeline_VITIS_LOOP_112_3_VITIS_LOOP_114_4_fu_62                |       -|   0.01|     1547|  6.188e+03|         -|     1547|      -|        no|            -|         -|    2251 (~0%)|    4852 (~0%)|    -|
    |      + grp_sqrt_fixed_32_16_s_fu_117                                               |      II|   0.01|       19|     76.000|         -|        1|      -|       yes|            -|         -|    1944 (~0%)|    4529 (~0%)|    -|
    |      o VITIS_LOOP_112_3_VITIS_LOOP_114_4                                           |       -|   2.92|     1545|  6.180e+03|        27|        1|   1520|       yes|            -|         -|             -|             -|    -|
    |    + grp_aggr_Pipeline_VITIS_LOOP_214_1_VITIS_LOOP_216_2_fu_132                    |       -|   0.33|     1523|  6.092e+03|         -|     1523|      -|        no|            -|         -|      52 (~0%)|     185 (~0%)|    -|
    |     o VITIS_LOOP_214_1_VITIS_LOOP_216_2                                            |       -|   2.92|     1521|  6.084e+03|         3|        1|   1520|       yes|            -|         -|             -|             -|    -|
    |   + grp_message_passing_1_Pipeline_VITIS_LOOP_261_2_fu_2149                        |       -|   0.48|       83|    332.000|         -|       83|      -|        no|            -|         -|      70 (~0%)|     144 (~0%)|    -|
    |    o VITIS_LOOP_261_2                                                              |       -|   2.92|       81|    324.000|         3|        1|     80|       yes|            -|         -|             -|             -|    -|
    |   + grp_scale_fu_2162                                                              |       -|   0.02|     5777|  2.311e+04|         -|     5777|      -|        no|      1 (~0%)|  43 (~0%)|    5518 (~0%)|    3461 (~0%)|    -|
    |    + grp_log_32_16_s_fu_2019                                                       |      II|   0.02|       10|     40.000|         -|        1|      -|       yes|      1 (~0%)|   2 (~0%)|     953 (~0%)|    1587 (~0%)|    -|
    |    + grp_scale_Pipeline_VITIS_LOOP_180_2_fu_2030                                   |       -|   0.03|      249|    996.000|         -|      249|      -|        no|            -|         -|    1181 (~0%)|     192 (~0%)|    -|
    |     o VITIS_LOOP_180_2                                                             |       -|   2.92|      247|    988.000|         9|        3|     80|       yes|            -|         -|             -|             -|    -|
    |    o VITIS_LOOP_174_1                                                              |       -|   2.92|     5776|  2.310e+04|       304|        -|     19|        no|            -|         -|             -|             -|    -|
    |   o VITIS_LOOP_255_1                                                               |       -|   2.92|     3520|  1.408e+04|        88|        -|     40|        no|            -|         -|             -|             -|    -|
    |  + grp_Linear_relu_fu_5884                                                         |       -|   0.34|     3529|  1.412e+04|         -|     3529|      -|        no|            -|         -|   120486 (4%)|   118467 (9%)|    -|
    |   + grp_Linear_relu_Pipeline_VITIS_LOOP_285_1_VITIS_LOOP_289_2_fu_3856             |       -|   0.34|     2002|  8.008e+03|         -|     2002|      -|        no|            -|         -|   120383 (4%)|   118140 (9%)|    -|
    |    o VITIS_LOOP_285_1_VITIS_LOOP_289_2                                             |       -|   2.92|     2000|  8.000e+03|       482|        1|   1520|       yes|            -|         -|             -|             -|    -|
    |   + grp_Linear_relu_Pipeline_VITIS_LOOP_301_4_VITIS_LOOP_303_5_fu_7704             |       -|   0.51|     1524|  6.096e+03|         -|     1524|      -|        no|            -|         -|      97 (~0%)|     236 (~0%)|    -|
    |    o VITIS_LOOP_301_4_VITIS_LOOP_303_5                                             |       -|   2.92|     1522|  6.088e+03|         4|        1|   1520|       yes|            -|         -|             -|             -|    -|
    | + grp_PNA_compute_one_graph_Pipeline_VITIS_LOOP_523_10_VITIS_LOOP_525_11_fu_31147  |       -|   0.48|     1524|  6.096e+03|         -|     1524|      -|        no|            -|         -|      98 (~0%)|     224 (~0%)|    -|
    |  o VITIS_LOOP_523_10_VITIS_LOOP_525_11                                             |       -|   2.92|     1522|  6.088e+03|         4|        1|   1520|       yes|            -|         -|             -|             -|    -|
    | + grp_GLOBAL_MEAN_POOL_fu_31155                                                    |       -|   0.02|     6724|  2.690e+04|         -|     6724|      -|        no|      1 (~0%)|   3 (~0%)|     455 (~0%)|     599 (~0%)|    -|
    |  + grp_GLOBAL_MEAN_POOL_Pipeline_1_fu_51                                           |       -|   0.91|       82|    328.000|         -|       82|      -|        no|            -|         -|       9 (~0%)|      51 (~0%)|    -|
    |   o Loop 1                                                                         |       -|   2.92|       80|    320.000|         1|        1|     80|       yes|            -|         -|             -|             -|    -|
    |  + grp_GLOBAL_MEAN_POOL_Pipeline_VITIS_LOOP_345_2_fu_57                            |       -|   0.02|       79|    316.000|         -|       79|      -|        no|            -|   3 (~0%)|     392 (~0%)|     422 (~0%)|    -|
    |   o VITIS_LOOP_345_2                                                               |       -|   2.92|       77|    308.000|         6|        4|     19|       yes|            -|         -|             -|             -|    -|
    |  o VITIS_LOOP_343_1                                                                |       -|   2.92|     6640|  2.656e+04|        83|        -|     80|        no|            -|         -|             -|             -|    -|
    | o VITIS_LOOP_450_1                                                                 |       -|   2.92|      380|  1.520e+03|        20|        -|     19|        no|            -|         -|             -|             -|    -|
    |  o VITIS_LOOP_452_2                                                                |       -|   2.92|       18|     72.000|         2|        -|      9|        no|            -|         -|             -|             -|    -|
    +------------------------------------------------------------------------------------+--------+-------+---------+-----------+----------+---------+-------+----------+-------------+----------+--------------+--------------+-----+


================================================================
== HW Interfaces
================================================================
* M_AXI
+-----------+------------+---------------+---------+--------+----------+-----------+--------------+--------------+-------------+-------------+
| Interface | Data Width | Address Width | Latency | Offset | Register | Max Widen | Max Read     | Max Write    | Num Read    | Num Write   |
|           | (SW->HW)   |               |         |        |          | Bitwidth  | Burst Length | Burst Length | Outstanding | Outstanding |
+-----------+------------+---------------+---------+--------+----------+-----------+--------------+--------------+-------------+-------------+
| m_axi_mem | 32 -> 32   | 64            | 0       | slave  | 0        | 0         | 16           | 16           | 16          | 16          |
+-----------+------------+---------------+---------+--------+----------+-----------+--------------+--------------+-------------+-------------+

* S_AXILITE
+---------------+------------+---------------+--------+----------+
| Interface     | Data Width | Address Width | Offset | Register |
+---------------+------------+---------------+--------+----------+
| s_axi_control | 32         | 6             | 16     | 0        |
+---------------+------------+---------------+--------+----------+

* TOP LEVEL CONTROL
+-----------+------------+-----------+
| Interface | Type       | Ports     |
+-----------+------------+-----------+
| ap_clk    | clock      | ap_clk    |
| ap_rst_n  | reset      | ap_rst_n  |
| interrupt | interrupt  | interrupt |
| ap_ctrl   | ap_ctrl_hs |           |
+-----------+------------+-----------+


================================================================
== SW I/O Information
================================================================
* Top Function Arguments
+--------------+-----------+----------+
| Argument     | Direction | Datatype |
+--------------+-----------+----------+
| node_feature | in        | int*     |
| edge_list    | in        | int*     |
| edge_attr    | in        | int*     |
| graph_attr   | in        | int*     |
+--------------+-----------+----------+

* SW-to-HW Mapping
+--------------+------------------------------+-----------+----------+-----------------------+
| Argument     | HW Name                      | HW Type   | HW Usage | HW Info               |
+--------------+------------------------------+-----------+----------+-----------------------+
| node_feature | m_axi_mem                    | interface |          |                       |
| node_feature | s_axi_control node_feature_1 | register  | offset   | offset=0x10, range=32 |
| node_feature | s_axi_control node_feature_2 | register  | offset   | offset=0x14, range=32 |
| edge_list    | m_axi_mem                    | interface |          |                       |
| edge_list    | s_axi_control edge_list_1    | register  | offset   | offset=0x1c, range=32 |
| edge_list    | s_axi_control edge_list_2    | register  | offset   | offset=0x20, range=32 |
| edge_attr    | m_axi_mem                    | interface |          |                       |
| edge_attr    | s_axi_control edge_attr_1    | register  | offset   | offset=0x28, range=32 |
| edge_attr    | s_axi_control edge_attr_2    | register  | offset   | offset=0x2c, range=32 |
| graph_attr   | m_axi_mem                    | interface |          |                       |
| graph_attr   | s_axi_control graph_attr_1   | register  | offset   | offset=0x34, range=32 |
| graph_attr   | s_axi_control graph_attr_2   | register  | offset   | offset=0x38, range=32 |
+--------------+------------------------------+-----------+----------+-----------------------+


================================================================
== M_AXI Burst Information
================================================================
* Burst Summary
+--------------+------------------+--------------------------------------------------------------------------------------------------------------------------------------------------------------------------------------------------------------------------+--------------------------------------------------------+
| HW Interface | Loop             | Message                                                                                                                                                                                                                  | Location                                               |
+--------------+------------------+--------------------------------------------------------------------------------------------------------------------------------------------------------------------------------------------------------------------------+--------------------------------------------------------+
| m_axi_mem    | VITIS_LOOP_450_1 | Multiple burst reads of length 171 and bit width 32. These bursts requests might be further partitioned into multiple requests during RTL generation, based on max_read_burst_length or max_write_burst_length settings. | ../../School/GNN_Acc/PNA/PNA_HLS/PNA_compute.cc:450:23 |
| m_axi_mem    | VITIS_LOOP_255_1 | Multiple burst reads of length 80 and bit width 32. These bursts requests might be further partitioned into multiple requests during RTL generation, based on max_read_burst_length or max_write_burst_length settings.  | ../../School/GNN_Acc/PNA/PNA_HLS/PNA_compute.cc:255:23 |
| m_axi_mem    | VITIS_LOOP_255_1 | Multiple burst reads of length 80 and bit width 32. These bursts requests might be further partitioned into multiple requests during RTL generation, based on max_read_burst_length or max_write_burst_length settings.  | ../../School/GNN_Acc/PNA/PNA_HLS/PNA_compute.cc:255:23 |
+--------------+------------------+--------------------------------------------------------------------------------------------------------------------------------------------------------------------------------------------------------------------------+--------------------------------------------------------+

* Bursts and Widening Missed
+--------------+--------------+-------------------------------------------------------------------------------------------------------------------+--------------------------------------------------------+
| HW Interface | Variable     | Problem                                                                                                           | Location                                               |
+--------------+--------------+-------------------------------------------------------------------------------------------------------------------+--------------------------------------------------------+
| m_axi_mem    | node_feature | Could not widen since the size of type 'i32' is greater than or equal to the max_widen_bitwidth threshold of '0'. | ../../School/GNN_Acc/PNA/PNA_HLS/PNA_compute.cc:450:23 |
+--------------+--------------+-------------------------------------------------------------------------------------------------------------------+--------------------------------------------------------+


