

================================================================
== Vitis HLS Report for 'log_32_16_s'
================================================================
* Date:           Thu Nov  4 13:50:56 2021

* Version:        2021.1.1 (Build 3286242 on Wed Jul 28 13:10:47 MDT 2021)
* Project:        pna_hls_test
* Solution:       solution1 (Vivado IP Flow Target)
* Product family: virtexuplus
* Target device:  xcvu11p-flga2577-1-e


================================================================
== Performance Estimates
================================================================
+ Timing: 
    * Summary: 
    +--------+---------+----------+------------+
    |  Clock |  Target | Estimated| Uncertainty|
    +--------+---------+----------+------------+
    |ap_clk  |  4.00 ns|  2.896 ns|     1.08 ns|
    +--------+---------+----------+------------+

+ Latency: 
    * Summary: 
    +---------+---------+-----------+-----------+-----+-----+---------+
    |  Latency (cycles) |   Latency (absolute)  |  Interval | Pipeline|
    |   min   |   max   |    min    |    max    | min | max |   Type  |
    +---------+---------+-----------+-----------+-----+-----+---------+
    |       10|       10|  40.000 ns|  40.000 ns|    1|    1|      yes|
    +---------+---------+-----------+-----------+-----+-----+---------+

    + Detail: 
        * Instance: 
        N/A

        * Loop: 
        N/A



================================================================
== Utilization Estimates
================================================================
* Summary: 
+---------------------+---------+------+---------+---------+-----+
|         Name        | BRAM_18K|  DSP |    FF   |   LUT   | URAM|
+---------------------+---------+------+---------+---------+-----+
|DSP                  |        -|     2|        -|        -|    -|
|Expression           |        -|     -|        0|     1066|    -|
|FIFO                 |        -|     -|        -|        -|    -|
|Instance             |        -|     0|        0|       50|    -|
|Memory               |        1|     -|       24|       11|    -|
|Multiplexer          |        -|     -|        -|      332|    -|
|Register             |        -|     -|      929|      128|    -|
+---------------------+---------+------+---------+---------+-----+
|Total                |        1|     2|      953|     1587|    0|
+---------------------+---------+------+---------+---------+-----+
|Available SLR        |     1344|  3072|   864000|   432000|  320|
+---------------------+---------+------+---------+---------+-----+
|Utilization SLR (%)  |       ~0|    ~0|       ~0|       ~0|    0|
+---------------------+---------+------+---------+---------+-----+
|Available            |     4032|  9216|  2592000|  1296000|  960|
+---------------------+---------+------+---------+---------+-----+
|Utilization (%)      |       ~0|    ~0|       ~0|       ~0|    0|
+---------------------+---------+------+---------+---------+-----+

+ Detail: 
    * Instance: 
    +------------------------+--------------------+---------+----+---+----+-----+
    |        Instance        |       Module       | BRAM_18K| DSP| FF| LUT| URAM|
    +------------------------+--------------------+---------+----+---+----+-----+
    |mul_9ns_9ns_18_1_1_U87  |mul_9ns_9ns_18_1_1  |        0|   0|  0|  50|    0|
    +------------------------+--------------------+---------+----+---+----+-----+
    |Total                   |                    |        0|   0|  0|  50|    0|
    +------------------------+--------------------+---------+----+---+----+-----+

    * DSP: 
    +-------------------------------------+---------------------------------+--------------+
    |               Instance              |              Module             |  Expression  |
    +-------------------------------------+---------------------------------+--------------+
    |mac_mulsub_24ns_4ns_29ns_29_4_1_U88  |mac_mulsub_24ns_4ns_29ns_29_4_1  |  i0 - i1 * i2|
    |mul_mul_6s_22ns_27_4_1_U89           |mul_mul_6s_22ns_27_4_1           |       i0 * i1|
    +-------------------------------------+---------------------------------+--------------+

    * Memory: 
    +--------------------------------------------------------------------------------------------+----------------------------------------------------------------------------------+---------+----+----+-----+------+-----+------+-------------+
    |                                           Memory                                           |                                      Module                                      | BRAM_18K| FF | LUT| URAM| Words| Bits| Banks| W*Bits*Banks|
    +--------------------------------------------------------------------------------------------+----------------------------------------------------------------------------------+---------+----+----+-----+------+-----+------+-------------+
    |log_apfixed_reduce_log0_lut_table_ap_fixed_29_7_ap_q_mode_5_ap_o_mode_3_0_0_5_64_array_V_U  |log_32_16_s_log_apfixed_reduce_log0_lut_table_ap_fixed_29_7_ap_q_mode_5_ap_o_bkb  |        1|   0|   0|    0|    64|   22|     1|         1408|
    |log_apfixed_reduce_log_inverse_lut_table_array_V_U                                          |log_32_16_s_log_apfixed_reduce_log_inverse_lut_table_array_V                      |        0|   6|   6|    0|    64|    6|     1|          384|
    |log_apfixed_reduce_log_lut_table_ap_fixed_29_7_ap_q_mode_5_ap_o_mode_3_0_4_4_16_array_V_U   |log_32_16_s_log_apfixed_reduce_log_lut_table_ap_fixed_29_7_ap_q_mode_5_ap_o_mcud  |        0|  18|   5|    0|    16|   18|     1|          288|
    +--------------------------------------------------------------------------------------------+----------------------------------------------------------------------------------+---------+----+----+-----+------+-----+------+-------------+
    |Total                                                                                       |                                                                                  |        1|  24|  11|    0|   144|   46|     3|         2080|
    +--------------------------------------------------------------------------------------------+----------------------------------------------------------------------------------+---------+----+----+-----+------+-----+------+-------------+

    * FIFO: 
    N/A

    * Expression: 
    +----------------------------+----------+----+---+----+------------+------------+
    |        Variable Name       | Operation| DSP| FF| LUT| Bitwidth P0| Bitwidth P1|
    +----------------------------+----------+----+---+----+------------+------------+
    |add_ln712_1_fu_2864_p2      |         +|   0|  0|  28|          28|          28|
    |add_ln712_fu_2763_p2        |         +|   0|  0|  29|          22|          22|
    |log_base_V_2_fu_2870_p2     |         +|   0|  0|  28|          28|          28|
    |log_base_V_fu_2895_p2       |         +|   0|  0|  35|          28|          28|
    |ret_V_3_fu_2742_p2          |         +|   0|  0|  36|          29|          29|
    |ret_V_2_fu_2829_p2          |         -|   0|  0|  33|          26|          26|
    |and_ln731_fu_2580_p2        |       and|   0|  0|   2|           1|           1|
    |ap_condition_312            |       and|   0|  0|   2|           1|           1|
    |ap_condition_379            |       and|   0|  0|   2|           1|           1|
    |ap_condition_389            |       and|   0|  0|   2|           1|           1|
    |ap_condition_392            |       and|   0|  0|   2|           1|           1|
    |ap_condition_395            |       and|   0|  0|   2|           1|           1|
    |ap_condition_398            |       and|   0|  0|   2|           1|           1|
    |ap_condition_401            |       and|   0|  0|   2|           1|           1|
    |ap_condition_404            |       and|   0|  0|   2|           1|           1|
    |ap_condition_407            |       and|   0|  0|   2|           1|           1|
    |ap_condition_410            |       and|   0|  0|   2|           1|           1|
    |ap_condition_413            |       and|   0|  0|   2|           1|           1|
    |ap_condition_416            |       and|   0|  0|   2|           1|           1|
    |ap_condition_419            |       and|   0|  0|   2|           1|           1|
    |ap_condition_422            |       and|   0|  0|   2|           1|           1|
    |ap_condition_425            |       and|   0|  0|   2|           1|           1|
    |ap_condition_428            |       and|   0|  0|   2|           1|           1|
    |ap_condition_431            |       and|   0|  0|   2|           1|           1|
    |ap_condition_434            |       and|   0|  0|   2|           1|           1|
    |ap_condition_437            |       and|   0|  0|   2|           1|           1|
    |ap_condition_440            |       and|   0|  0|   2|           1|           1|
    |ap_condition_443            |       and|   0|  0|   2|           1|           1|
    |ap_condition_446            |       and|   0|  0|   2|           1|           1|
    |ap_condition_449            |       and|   0|  0|   2|           1|           1|
    |ap_condition_452            |       and|   0|  0|   2|           1|           1|
    |ap_condition_455            |       and|   0|  0|   2|           1|           1|
    |ap_condition_458            |       and|   0|  0|   2|           1|           1|
    |ap_condition_461            |       and|   0|  0|   2|           1|           1|
    |ap_condition_464            |       and|   0|  0|   2|           1|           1|
    |ap_condition_467            |       and|   0|  0|   2|           1|           1|
    |ap_condition_470            |       and|   0|  0|   2|           1|           1|
    |ap_condition_473            |       and|   0|  0|   2|           1|           1|
    |ap_condition_476            |       and|   0|  0|   2|           1|           1|
    |icmp_ln1550_fu_606_p2       |      icmp|   0|  0|  20|          32|           1|
    |icmp_ln731_10_fu_1282_p2    |      icmp|   0|  0|  20|          35|          35|
    |icmp_ln731_11_fu_1348_p2    |      icmp|   0|  0|  20|          35|          35|
    |icmp_ln731_12_fu_1414_p2    |      icmp|   0|  0|  20|          35|          35|
    |icmp_ln731_13_fu_1480_p2    |      icmp|   0|  0|  20|          35|          35|
    |icmp_ln731_14_fu_1546_p2    |      icmp|   0|  0|  20|          35|          35|
    |icmp_ln731_15_fu_1612_p2    |      icmp|   0|  0|  20|          35|          35|
    |icmp_ln731_16_fu_1678_p2    |      icmp|   0|  0|  20|          35|          35|
    |icmp_ln731_17_fu_1744_p2    |      icmp|   0|  0|  20|          35|          35|
    |icmp_ln731_18_fu_1810_p2    |      icmp|   0|  0|  20|          35|          35|
    |icmp_ln731_19_fu_1876_p2    |      icmp|   0|  0|  20|          35|          35|
    |icmp_ln731_1_fu_688_p2      |      icmp|   0|  0|  20|          35|          35|
    |icmp_ln731_20_fu_1942_p2    |      icmp|   0|  0|  20|          35|          35|
    |icmp_ln731_21_fu_2008_p2    |      icmp|   0|  0|  20|          35|          35|
    |icmp_ln731_22_fu_2074_p2    |      icmp|   0|  0|  20|          35|          35|
    |icmp_ln731_23_fu_2140_p2    |      icmp|   0|  0|  20|          35|          35|
    |icmp_ln731_24_fu_2206_p2    |      icmp|   0|  0|  20|          35|          35|
    |icmp_ln731_25_fu_2272_p2    |      icmp|   0|  0|  20|          35|          35|
    |icmp_ln731_26_fu_2338_p2    |      icmp|   0|  0|  20|          35|          35|
    |icmp_ln731_27_fu_2404_p2    |      icmp|   0|  0|  20|          35|          35|
    |icmp_ln731_28_fu_2470_p2    |      icmp|   0|  0|  20|          35|          35|
    |icmp_ln731_29_fu_2526_p2    |      icmp|   0|  0|  20|          35|          35|
    |icmp_ln731_2_fu_754_p2      |      icmp|   0|  0|  20|          35|          35|
    |icmp_ln731_3_fu_820_p2      |      icmp|   0|  0|  20|          35|          35|
    |icmp_ln731_4_fu_886_p2      |      icmp|   0|  0|  20|          35|          35|
    |icmp_ln731_5_fu_952_p2      |      icmp|   0|  0|  20|          35|          35|
    |icmp_ln731_6_fu_1018_p2     |      icmp|   0|  0|  20|          35|          35|
    |icmp_ln731_7_fu_1084_p2     |      icmp|   0|  0|  20|          35|          35|
    |icmp_ln731_8_fu_1150_p2     |      icmp|   0|  0|  20|          35|          35|
    |icmp_ln731_9_fu_1216_p2     |      icmp|   0|  0|  20|          35|          35|
    |icmp_ln731_fu_644_p2        |      icmp|   0|  0|  20|          35|          35|
    |select_ln1386_fu_2713_p3    |    select|   0|  0|  29|           1|          29|
    |select_ln731_10_fu_1368_p3  |    select|   0|  0|   2|           1|           1|
    |select_ln731_11_fu_1434_p3  |    select|   0|  0|   2|           1|           1|
    |select_ln731_12_fu_1500_p3  |    select|   0|  0|   2|           1|           1|
    |select_ln731_13_fu_1566_p3  |    select|   0|  0|   2|           1|           1|
    |select_ln731_14_fu_1632_p3  |    select|   0|  0|   2|           1|           1|
    |select_ln731_15_fu_1698_p3  |    select|   0|  0|   2|           1|           1|
    |select_ln731_16_fu_1764_p3  |    select|   0|  0|   2|           1|           1|
    |select_ln731_17_fu_1830_p3  |    select|   0|  0|   2|           1|           1|
    |select_ln731_18_fu_1896_p3  |    select|   0|  0|   2|           1|           1|
    |select_ln731_19_fu_1962_p3  |    select|   0|  0|   2|           1|           1|
    |select_ln731_1_fu_774_p3    |    select|   0|  0|   2|           1|           1|
    |select_ln731_20_fu_2028_p3  |    select|   0|  0|   2|           1|           1|
    |select_ln731_21_fu_2094_p3  |    select|   0|  0|   2|           1|           1|
    |select_ln731_22_fu_2160_p3  |    select|   0|  0|   2|           1|           1|
    |select_ln731_23_fu_2226_p3  |    select|   0|  0|   2|           1|           1|
    |select_ln731_24_fu_2292_p3  |    select|   0|  0|   2|           1|           1|
    |select_ln731_25_fu_2358_p3  |    select|   0|  0|   2|           1|           1|
    |select_ln731_26_fu_2424_p3  |    select|   0|  0|   2|           1|           1|
    |select_ln731_27_fu_2490_p3  |    select|   0|  0|   2|           1|           1|
    |select_ln731_28_fu_2546_p3  |    select|   0|  0|   2|           1|           1|
    |select_ln731_29_fu_2594_p3  |    select|   0|  0|   6|           1|           6|
    |select_ln731_2_fu_840_p3    |    select|   0|  0|   2|           1|           1|
    |select_ln731_30_fu_2602_p3  |    select|   0|  0|  36|           1|          36|
    |select_ln731_3_fu_906_p3    |    select|   0|  0|   2|           1|           1|
    |select_ln731_4_fu_972_p3    |    select|   0|  0|   2|           1|           1|
    |select_ln731_5_fu_1038_p3   |    select|   0|  0|   2|           1|           1|
    |select_ln731_6_fu_1104_p3   |    select|   0|  0|   2|           1|           1|
    |select_ln731_7_fu_1170_p3   |    select|   0|  0|   2|           1|           1|
    |select_ln731_8_fu_1236_p3   |    select|   0|  0|   2|           1|           1|
    |select_ln731_9_fu_1302_p3   |    select|   0|  0|   2|           1|           1|
    |select_ln731_fu_708_p3      |    select|   0|  0|   2|           1|           1|
    |ap_enable_pp0               |       xor|   0|  0|   2|           1|           2|
    |xor_ln731_10_fu_1362_p2     |       xor|   0|  0|   2|           1|           2|
    |xor_ln731_11_fu_1428_p2     |       xor|   0|  0|   2|           1|           2|
    |xor_ln731_12_fu_1494_p2     |       xor|   0|  0|   2|           1|           2|
    |xor_ln731_13_fu_1560_p2     |       xor|   0|  0|   2|           1|           2|
    |xor_ln731_14_fu_1626_p2     |       xor|   0|  0|   2|           1|           2|
    |xor_ln731_15_fu_1692_p2     |       xor|   0|  0|   2|           1|           2|
    |xor_ln731_16_fu_1758_p2     |       xor|   0|  0|   2|           1|           2|
    |xor_ln731_17_fu_1824_p2     |       xor|   0|  0|   2|           1|           2|
    |xor_ln731_18_fu_1890_p2     |       xor|   0|  0|   2|           1|           2|
    |xor_ln731_19_fu_1956_p2     |       xor|   0|  0|   2|           1|           2|
    |xor_ln731_1_fu_768_p2       |       xor|   0|  0|   2|           1|           2|
    |xor_ln731_20_fu_2022_p2     |       xor|   0|  0|   2|           1|           2|
    |xor_ln731_21_fu_2088_p2     |       xor|   0|  0|   2|           1|           2|
    |xor_ln731_22_fu_2154_p2     |       xor|   0|  0|   2|           1|           2|
    |xor_ln731_23_fu_2220_p2     |       xor|   0|  0|   2|           1|           2|
    |xor_ln731_24_fu_2286_p2     |       xor|   0|  0|   2|           1|           2|
    |xor_ln731_25_fu_2352_p2     |       xor|   0|  0|   2|           1|           2|
    |xor_ln731_26_fu_2418_p2     |       xor|   0|  0|   2|           1|           2|
    |xor_ln731_27_fu_2484_p2     |       xor|   0|  0|   2|           1|           2|
    |xor_ln731_28_fu_2540_p2     |       xor|   0|  0|   2|           1|           2|
    |xor_ln731_29_fu_2566_p2     |       xor|   0|  0|   2|           1|           2|
    |xor_ln731_2_fu_834_p2       |       xor|   0|  0|   2|           1|           2|
    |xor_ln731_3_fu_900_p2       |       xor|   0|  0|   2|           1|           2|
    |xor_ln731_4_fu_966_p2       |       xor|   0|  0|   2|           1|           2|
    |xor_ln731_5_fu_1032_p2      |       xor|   0|  0|   2|           1|           2|
    |xor_ln731_6_fu_1098_p2      |       xor|   0|  0|   2|           1|           2|
    |xor_ln731_7_fu_1164_p2      |       xor|   0|  0|   2|           1|           2|
    |xor_ln731_8_fu_1230_p2      |       xor|   0|  0|   2|           1|           2|
    |xor_ln731_9_fu_1296_p2      |       xor|   0|  0|   2|           1|           2|
    |xor_ln731_fu_702_p2         |       xor|   0|  0|   2|           1|           2|
    +----------------------------+----------+----+---+----+------------+------------+
    |Total                       |          |   0|  0|1066|        1339|        1407|
    +----------------------------+----------+----+---+----+------------+------------+

    * Multiplexer: 
    +----------------------------------------+-----+-----------+-----+-----------+
    |                  Name                  | LUT | Input Size| Bits| Total Bits|
    +----------------------------------------+-----+-----------+-----+-----------+
    |ap_phi_mux_index0_V_phi_fu_458_p4       |   14|          3|    6|         18|
    |ap_phi_mux_r_V_35_phi_fu_599_p4         |    9|          2|   32|         64|
    |ap_phi_reg_pp0_iter1_b_exp_012_reg_464  |  150|         33|    6|        198|
    |ap_phi_reg_pp0_iter1_r_V_35_reg_595     |    9|          2|   32|         64|
    |ap_phi_reg_pp0_iter1_r_V_reg_385        |  150|         33|   36|       1188|
    +----------------------------------------+-----+-----------+-----+-----------+
    |Total                                   |  332|         73|  112|       1532|
    +----------------------------------------+-----+-----------+-----+-----------+

    * Register: 
    +----------------------------------------+----+----+-----+-----------+
    |                  Name                  | FF | LUT| Bits| Const Bits|
    +----------------------------------------+----+----+-----+-----------+
    |a_reg_3234                              |   4|   0|    4|          0|
    |add_ln712_reg_3265                      |  22|   0|   22|          0|
    |ap_CS_fsm                               |   1|   0|    1|          0|
    |ap_enable_reg_pp0_iter1                 |   1|   0|    1|          0|
    |ap_enable_reg_pp0_iter10                |   1|   0|    1|          0|
    |ap_enable_reg_pp0_iter2                 |   1|   0|    1|          0|
    |ap_enable_reg_pp0_iter3                 |   1|   0|    1|          0|
    |ap_enable_reg_pp0_iter4                 |   1|   0|    1|          0|
    |ap_enable_reg_pp0_iter5                 |   1|   0|    1|          0|
    |ap_enable_reg_pp0_iter6                 |   1|   0|    1|          0|
    |ap_enable_reg_pp0_iter7                 |   1|   0|    1|          0|
    |ap_enable_reg_pp0_iter8                 |   1|   0|    1|          0|
    |ap_enable_reg_pp0_iter9                 |   1|   0|    1|          0|
    |ap_phi_reg_pp0_iter10_r_V_35_reg_595    |  32|   0|   32|          0|
    |ap_phi_reg_pp0_iter1_b_exp_012_reg_464  |   6|   0|    6|          0|
    |ap_phi_reg_pp0_iter1_r_V_35_reg_595     |  32|   0|   32|          0|
    |ap_phi_reg_pp0_iter1_r_V_reg_385        |  36|   0|   36|          0|
    |ap_phi_reg_pp0_iter2_b_exp_012_reg_464  |   6|   0|    6|          0|
    |ap_phi_reg_pp0_iter2_r_V_35_reg_595     |  32|   0|   32|          0|
    |ap_phi_reg_pp0_iter3_b_exp_012_reg_464  |   6|   0|    6|          0|
    |ap_phi_reg_pp0_iter3_r_V_35_reg_595     |  32|   0|   32|          0|
    |ap_phi_reg_pp0_iter4_b_exp_012_reg_464  |   6|   0|    6|          0|
    |ap_phi_reg_pp0_iter4_r_V_35_reg_595     |  32|   0|   32|          0|
    |ap_phi_reg_pp0_iter5_b_exp_012_reg_464  |   6|   0|    6|          0|
    |ap_phi_reg_pp0_iter5_r_V_35_reg_595     |  32|   0|   32|          0|
    |ap_phi_reg_pp0_iter6_b_exp_012_reg_464  |   6|   0|    6|          0|
    |ap_phi_reg_pp0_iter6_r_V_35_reg_595     |  32|   0|   32|          0|
    |ap_phi_reg_pp0_iter7_r_V_35_reg_595     |  32|   0|   32|          0|
    |ap_phi_reg_pp0_iter8_r_V_35_reg_595     |  32|   0|   32|          0|
    |ap_phi_reg_pp0_iter9_r_V_35_reg_595     |  32|   0|   32|          0|
    |b_frac_tilde_inverse_V_reg_3206         |   6|   0|    6|          0|
    |icmp_ln1550_reg_2931                    |   1|   0|    1|          0|
    |log_base_V_2_reg_3280                   |  28|   0|   28|          0|
    |log_sum_V_reg_3211                      |  22|   0|   22|          0|
    |mul_ln1168_1_reg_3221                   |  36|   0|   36|          0|
    |p_Result_56_reg_3285                    |   1|   0|    1|          0|
    |r_V_reg_385                             |  36|   0|   36|          0|
    |r_V_s_reg_3275                          |  17|   0|   17|          0|
    |ret_V_3_reg_3245                        |  29|   0|   29|          0|
    |ret_V_3_reg_3245_pp0_iter6_reg          |  29|   0|   29|          0|
    |tmp_57_reg_3228                         |  24|   0|   24|          0|
    |tmp_61_reg_3270                         |  15|   0|   15|          0|
    |add_ln712_reg_3265                      |  64|  32|   22|          0|
    |icmp_ln1550_reg_2931                    |  64|  32|    1|          0|
    |log_sum_V_reg_3211                      |  64|  32|   22|          0|
    |r_V_reg_385                             |  64|  32|   36|          0|
    +----------------------------------------+----+----+-----+-----------+
    |Total                                   | 929| 128|  754|          0|
    +----------------------------------------+----+----+-----+-----------+



================================================================
== Interface
================================================================
* Summary: 
+---------------------+-----+-----+------------+--------------+--------------+
|      RTL Ports      | Dir | Bits|  Protocol  | Source Object|    C Type    |
+---------------------+-----+-----+------------+--------------+--------------+
|ap_clk               |   in|    1|  ap_ctrl_hs|   log<32, 16>|  return value|
|ap_rst               |   in|    1|  ap_ctrl_hs|   log<32, 16>|  return value|
|ap_start             |   in|    1|  ap_ctrl_hs|   log<32, 16>|  return value|
|ap_done              |  out|    1|  ap_ctrl_hs|   log<32, 16>|  return value|
|ap_idle              |  out|    1|  ap_ctrl_hs|   log<32, 16>|  return value|
|ap_ready             |  out|    1|  ap_ctrl_hs|   log<32, 16>|  return value|
|ap_return            |  out|   32|  ap_ctrl_hs|   log<32, 16>|  return value|
|grp_fu_4223_p_din0   |  out|   36|  ap_ctrl_hs|   log<32, 16>|  return value|
|grp_fu_4223_p_din1   |  out|    6|  ap_ctrl_hs|   log<32, 16>|  return value|
|grp_fu_4223_p_dout0  |   in|   36|  ap_ctrl_hs|   log<32, 16>|  return value|
|grp_fu_4223_p_ce     |  out|    1|  ap_ctrl_hs|   log<32, 16>|  return value|
|x                    |   in|   32|     ap_none|             x|        scalar|
+---------------------+-----+-----+------------+--------------+--------------+

